Archive member included to satisfy reference by file (symbol)

C:/devkitPro/libctru/lib\libctru.a(console.o)
                              main.o (consoleInit)
C:/devkitPro/libctru/lib\libctru.a(gfx.o)
                              C:/devkitPro/libctru/lib\libctru.a(console.o) (gfxIsWide)
C:/devkitPro/libctru/lib\libctru.a(apt.o)
                              main.o (aptMainLoop)
C:/devkitPro/libctru/lib\libctru.a(gspgpu.o)
                              C:/devkitPro/libctru/lib\libctru.a(gfx.o) (gspInit)
C:/devkitPro/libctru/lib\libctru.a(hid.o)
                              main.o (hidScanInput)
C:/devkitPro/libctru/lib\libctru.a(irrst.o)
                              C:/devkitPro/libctru/lib\libctru.a(hid.o) (irrstInit)
C:/devkitPro/libctru/lib\libctru.a(ctru_init.o)
                              C:/devkitPro/libctru/lib\libctru.a(apt.o) (__system_retAddr)
C:/devkitPro/libctru/lib\libctru.a(initArgv.o)
                              C:/devkitPro/libctru/lib\libctru.a(ctru_init.o) (__system_initArgv)
C:/devkitPro/libctru/lib\libctru.a(syscalls.o)
                              C:/devkitPro/libctru/lib\libctru.a(ctru_init.o) (__system_initSyscalls)
C:/devkitPro/libctru/lib\libctru.a(svc.o)
                              C:/devkitPro/libctru/lib\libctru.a(apt.o) (svcSleepThread)
C:/devkitPro/libctru/lib\libctru.a(stack_adjust.o)
                              C:/devkitPro/devkitARM/bin/../lib/gcc/arm-none-eabi/15.2.0/../../../../arm-none-eabi/lib/armv6k/fpu/3dsx_crt0.o (initSystem)
C:/devkitPro/libctru/lib\libctru.a(default_font.bin.o)
                              C:/devkitPro/libctru/lib\libctru.a(console.o) (default_font_bin)
C:/devkitPro/libctru/lib\libctru.a(linear.o)
                              C:/devkitPro/libctru/lib\libctru.a(gfx.o) (linearAlloc)
C:/devkitPro/libctru/lib\libctru.a(mem_pool.o)
                              C:/devkitPro/libctru/lib\libctru.a(linear.o) (_ZN7MemPool8AllocateER8MemChunkmi)
C:/devkitPro/libctru/lib\libctru.a(vram.o)
                              C:/devkitPro/libctru/lib\libctru.a(gfx.o) (vramAlloc)
C:/devkitPro/libctru/lib\libctru.a(3dslink.o)
                              C:/devkitPro/libctru/lib\libctru.a(initArgv.o) (__3dslink_host)
C:/devkitPro/libctru/lib\libctru.a(env.o)
                              C:/devkitPro/libctru/lib\libctru.a(irrst.o) (envGetHandle)
C:/devkitPro/libctru/lib\libctru.a(os.o)
                              C:/devkitPro/libctru/lib\libctru.a(syscalls.o) (osGetTime)
C:/devkitPro/libctru/lib\libctru.a(srv.o)
                              C:/devkitPro/libctru/lib\libctru.a(apt.o) (srvInit)
C:/devkitPro/libctru/lib\libctru.a(synchronization.o)
                              C:/devkitPro/libctru/lib\libctru.a(ctru_init.o) (__sync_init)
C:/devkitPro/libctru/lib\libctru.a(thread.o)
                              C:/devkitPro/libctru/lib\libctru.a(apt.o) (threadCreate)
C:/devkitPro/libctru/lib\libctru.a(mappable.o)
                              C:/devkitPro/libctru/lib\libctru.a(apt.o) (mappableAlloc)
C:/devkitPro/libctru/lib\libctru.a(ptmsysm.o)
                              C:/devkitPro/libctru/lib\libctru.a(os.o) (ptmSysmInit)
C:/devkitPro/libctru/lib\libctru.a(srvpm.o)
                              C:/devkitPro/libctru/lib\libctru.a(srv.o) (srvPmGetSessionHandle)
C:/devkitPro/libctru/lib\libctru.a(soc_connect.o)
                              C:/devkitPro/libctru/lib\libctru.a(3dslink.o) (connect)
C:/devkitPro/libctru/lib\libctru.a(soc_socket.o)
                              C:/devkitPro/libctru/lib\libctru.a(3dslink.o) (socket)
C:/devkitPro/libctru/lib\libctru.a(rbtree_find.o)
                              C:/devkitPro/libctru/lib\libctru.a(linear.o) (rbtree_find)
C:/devkitPro/libctru/lib\libctru.a(rbtree_init.o)
                              C:/devkitPro/libctru/lib\libctru.a(linear.o) (rbtree_init)
C:/devkitPro/libctru/lib\libctru.a(rbtree_insert.o)
                              C:/devkitPro/libctru/lib\libctru.a(linear.o) (rbtree_insert)
C:/devkitPro/libctru/lib\libctru.a(rbtree_remove.o)
                              C:/devkitPro/libctru/lib\libctru.a(linear.o) (rbtree_remove)
C:/devkitPro/libctru/lib\libctru.a(rbtree_rotate.o)
                              C:/devkitPro/libctru/lib\libctru.a(rbtree_insert.o) (rbtree_rotate)
C:/devkitPro/libctru/lib\libctru.a(allocateHeaps.o)
                              C:/devkitPro/libctru/lib\libctru.a(ctru_init.o) (__system_allocateHeaps)
C:/devkitPro/libctru/lib\libctru.a(appExit.o)
                              C:/devkitPro/libctru/lib\libctru.a(stack_adjust.o) (__appExit)
C:/devkitPro/libctru/lib\libctru.a(appInit.o)
                              C:/devkitPro/libctru/lib\libctru.a(stack_adjust.o) (__appInit)
C:/devkitPro/libctru/lib\libctru.a(ctru_exit.o)
                              C:/devkitPro/libctru/lib\libctru.a(stack_adjust.o) (__libctru_exit)
C:/devkitPro/libctru/lib\libctru.a(archive_dev.o)
[...]
Memory Configuration

Name             Origin             Length             Attributes
*default*        0x00000000         0xffffffff

Linker script and memory map

                0x00000000                        __sync_synchronize = __sync_synchronize_dmb
                0x00100000                        PROVIDE (__start__ = 0x100000)
                0x00100000                        . = __start__

.text           0x00100000     0xe698
 *(.crt0)
 .crt0          0x00100000       0x94 C:/devkitPro/devkitARM/bin/../lib/gcc/arm-none-eabi/15.2.0/../../../../arm-none-eabi/lib/armv6k/fpu/3dsx_crt0.o
                0x00100000                _start
                0x00100008                __service_ptr
                0x0010000c                __apt_appid
                0x00100010                __heap_size
                0x00100014                __linear_heap_size
                0x00100018                __system_arglist
                0x0010001c                __system_runflags
 *(.init)
 .init          0x00100094        0xc C:/devkitPro/devkitARM/bin/../lib/gcc/arm-none-eabi/15.2.0/armv6k/fpu/crti.o
                0x00100094                _init
 .init          0x001000a0        0xc C:/devkitPro/devkitARM/bin/../lib/gcc/arm-none-eabi/15.2.0/armv6k/fpu/crtn.o
                0x001000ac                        . = ALIGN (0x4)
 *(.text)
 .text          0x001000ac      0x240 C:/devkitPro/devkitARM/bin/../lib/gcc/arm-none-eabi/15.2.0/armv6k/fpu\libgcc.a(_divsi3.o)
                0x001000ac                __divsi3
                0x001000ac                __aeabi_idiv
                0x001002cc                __aeabi_idivmod
 .text          0x001002ec        0x4 C:/devkitPro/devkitARM/bin/../lib/gcc/arm-none-eabi/15.2.0/armv6k/fpu\libgcc.a(_dvmd_tls.o)
                0x001002ec                __aeabi_idiv0
                0x001002ec                __aeabi_ldiv0
 *fill*         0x001002f0       0x10 
 .text          0x00100300      0x390 C:/devkitPro/devkitARM/bin/../lib/gcc/arm-none-eabi/15.2.0/../../../../arm-none-eabi/lib/armv6k/fpu\libg.a(libc_a-strcmp.o)
                0x00100308                strcmp
 .text          0x00100690      0x20c C:/devkitPro/devkitARM/bin/../lib/gcc/arm-none-eabi/15.2.0/armv6k/fpu\libgcc.a(_udivsi3.o)
                0x00100690                __aeabi_uidiv
                0x00100690                __udivsi3
                0x0010087c                __aeabi_uidivmod
 *(.text.*)
 .text.__do_global_dtors_aux
                0x0010089c       0x50 C:/devkitPro/devkitARM/bin/../lib/gcc/arm-none-eabi/15.2.0/armv6k/fpu/crtbegin.o
 .text.frame_dummy
                0x001008ec       0x2c C:/devkitPro/devkitARM/bin/../lib/gcc/arm-none-eabi/15.2.0/armv6k/fpu/crtbegin.o
 .text.startup.main
                0x00100918      0x250 main.o
                0x00100918                main
 .text.consoleDrawChar
                0x00100b68      0x1c8 C:/devkitPro/libctru/lib\libctru.a(console.o)
                0x00100b68                consoleDrawChar
 .text.consolePrintChar
                0x00100d30      0x170 C:/devkitPro/libctru/lib\libctru.a(console.o)
                0x00100d30                consolePrintChar
 .text.con_write
                0x00100ea0      0xc40 C:/devkitPro/libctru/lib\libctru.a(console.o)
                0x00100ea0                con_write
 .text.newRow   0x00101ae0      0x110 C:/devkitPro/libctru/lib\libctru.a(console.o)
 .text.consoleInit
                0x00101bf0      0x180 C:/devkitPro/libctru/lib\libctru.a(console.o)
                0x00101bf0                consoleInit
 .text.gfxPresentFramebuffer
                0x00101d70       0xcc C:/devkitPro/libctru/lib\libctru.a(gfx.o)
 .text.gfxIsWide
                0x00101e3c       0x1c C:/devkitPro/libctru/lib\libctru.a(gfx.o)
                0x00101e3c                gfxIsWide
 .text.gfxSetScreenFormat
                0x00101e58       0xf8 C:/devkitPro/libctru/lib\libctru.a(gfx.o)
                0x00101e58                gfxSetScreenFormat
 .text.gfxSetDoubleBuffering
                0x00101f50       0x10 C:/devkitPro/libctru/lib\libctru.a(gfx.o)
                0x00101f50                gfxSetDoubleBuffering
 .text.gfxInit  0x00101f60       0xd8 C:/devkitPro/libctru/lib\libctru.a(gfx.o)
                0x00101f60                gfxInit
 .text.gfxInitDefault
                0x00102038       0x10 C:/devkitPro/libctru/lib\libctru.a(gfx.o)
                0x00102038                gfxInitDefault
 .text.gfxExit  0x00102048       0xb8 C:/devkitPro/libctru/lib\libctru.a(gfx.o)
                0x00102048                gfxExit
 .text.gfxGetFramebuffer
                0x00102100       0xa0 C:/devkitPro/libctru/lib\libctru.a(gfx.o)
                0x00102100                gfxGetFramebuffer
 .text.gfxFlushBuffers
                0x001021a0      0x100 C:/devkitPro/libctru/lib\libctru.a(gfx.o)
                0x001021a0                gfxFlushBuffers
 .text.gfxSwapBuffers
                0x001022a0       0x50 C:/devkitPro/libctru/lib\libctru.a(gfx.o)
                0x001022a0                gfxSwapBuffers
 .text.gfxSwapBuffersGpu
                0x001022f0       0x50 C:/devkitPro/libctru/lib\libctru.a(gfx.o)
                0x001022f0                gfxSwapBuffersGpu
 .text.aptConvertScreenForCapture
                0x00102340      0x180 C:/devkitPro/libctru/lib\libctru.a(apt.o)
 .text.aptDspSleep
                0x001024c0        0x8 C:/devkitPro/libctru/lib\libctru.a(apt.o)
                0x001024c0                aptDspSleep
 .text.aptDspWakeup
                0x001024c8        0x4 C:/devkitPro/libctru/lib\libctru.a(apt.o)
                0x001024c8                aptDspWakeup
 .text.aptDspCancel
                0x001024cc        0x4 C:/devkitPro/libctru/lib\libctru.a(apt.o)
                0x001024cc                aptDspCancel
 .text.aptSendCommand
                0x001024d0      0x138 C:/devkitPro/libctru/lib\libctru.a(apt.o)
                0x001024d0                aptSendCommand
 .text.aptExitProcess
                0x00102608       0x44 C:/devkitPro/libctru/lib\libctru.a(apt.o)
 .text.aptExit  0x0010264c      0x394 C:/devkitPro/libctru/lib\libctru.a(apt.o)
                0x0010264c                aptExit
 .text.aptHandleSleep
                0x001029e0       0xd8 C:/devkitPro/libctru/lib\libctru.a(apt.o)
                0x001029e0                aptHandleSleep
 .text.APT_SleepIfShellClosed
                0x00102ab8       0x84 C:/devkitPro/libctru/lib\libctru.a(apt.o)
                0x00102ab8                APT_SleepIfShellClosed
 .text.aptSetSleepAllowed
                0x00102b3c       0x78 C:/devkitPro/libctru/lib\libctru.a(apt.o)
                0x00102b3c                aptSetSleepAllowed
 .text.APT_UnlockTransition
                0x00102bb4       0x84 C:/devkitPro/libctru/lib\libctru.a(apt.o)
                0x00102bb4                APT_UnlockTransition
 .text.aptEventHandler
                0x00102c38      0x470 C:/devkitPro/libctru/lib\libctru.a(apt.o)
 .text.APT_ReceiveParameter
                0x001030a8       0xbc C:/devkitPro/libctru/lib\libctru.a(apt.o)
                0x001030a8                APT_ReceiveParameter
 .text.aptReceiveParameter.constprop.0
                0x00103164       0xb0 C:/devkitPro/libctru/lib\libctru.a(apt.o)
 *fill*         0x00103214        0x4 
 .text.aptScreenTransfer
                0x00103218      0x294 C:/devkitPro/libctru/lib\libctru.a(apt.o)
 .text.aptWaitForWakeUp.isra.0
                0x001034ac      0x2d0 C:/devkitPro/libctru/lib\libctru.a(apt.o)
 .text.aptJumpToHomeMenu
                0x0010377c       0xf4 C:/devkitPro/libctru/lib\libctru.a(apt.o)
                0x0010377c                aptJumpToHomeMenu
 .text.aptMainLoop
                0x00103870       0x58 C:/devkitPro/libctru/lib\libctru.a(apt.o)
                0x00103870                aptMainLoop
 .text.aptInit  0x001038c8      0x240 C:/devkitPro/libctru/lib\libctru.a(apt.o)
                0x001038c8                aptInit
 .text.APT_CheckNew3DS
                0x00103b08       0x90 C:/devkitPro/libctru/lib\libctru.a(apt.o)
                0x00103b08                APT_CheckNew3DS
 .text.gspHardwareInit
                0x00103b98      0xc70 C:/devkitPro/libctru/lib\libctru.a(gspgpu.o)
 .text.gspInit  0x00104808      0x280 C:/devkitPro/libctru/lib\libctru.a(gspgpu.o)
                0x00104808                gspInit
 .text.gspExit  0x00104a88      0x110 C:/devkitPro/libctru/lib\libctru.a(gspgpu.o)
                0x00104a88                gspExit
 .text.gspHasGpuRight
                0x00104b98       0x10 C:/devkitPro/libctru/lib\libctru.a(gspgpu.o)
                0x00104b98                gspHasGpuRight
 .text.gspPresentBuffer
                0x00104ba8       0xa4 C:/devkitPro/libctru/lib\libctru.a(gspgpu.o)
                0x00104ba8                gspPresentBuffer
 .text.gspWaitForEvent
                0x00104c4c       0x50 C:/devkitPro/libctru/lib\libctru.a(gspgpu.o)
                0x00104c4c                gspWaitForEvent
 .text.gxCmdQueueInterrupt
                0x00104c9c        0x4 C:/devkitPro/libctru/lib\libctru.a(gspgpu.o)
                0x00104c9c                gxCmdQueueInterrupt
 .text.gspEventThreadMain
                0x00104ca0      0x154 C:/devkitPro/libctru/lib\libctru.a(gspgpu.o)
 .text.GSPGPU_FlushDataCache
                0x00104df4       0x50 C:/devkitPro/libctru/lib\libctru.a(gspgpu.o)
                0x00104df4                GSPGPU_FlushDataCache
 .text.GSPGPU_SetLcdForceBlack
                0x00104e44       0x34 C:/devkitPro/libctru/lib\libctru.a(gspgpu.o)
                0x00104e44                GSPGPU_SetLcdForceBlack
 .text.GSPGPU_AcquireRight
                0x00104e78       0x80 C:/devkitPro/libctru/lib\libctru.a(gspgpu.o)
                0x00104e78                GSPGPU_AcquireRight
 .text.GSPGPU_ReleaseRight
                0x00104ef8       0x5c C:/devkitPro/libctru/lib\libctru.a(gspgpu.o)
                0x00104ef8                GSPGPU_ReleaseRight
 .text.GSPGPU_ImportDisplayCaptureInfo
                0x00104f54       0x7c C:/devkitPro/libctru/lib\libctru.a(gspgpu.o)
                0x00104f54                GSPGPU_ImportDisplayCaptureInfo
 .text.GSPGPU_SaveVramSysArea
                0x00104fd0       0x2c C:/devkitPro/libctru/lib\libctru.a(gspgpu.o)
                0x00104fd0                GSPGPU_SaveVramSysArea
 .text.GSPGPU_RestoreVramSysArea
                0x00104ffc       0x2c C:/devkitPro/libctru/lib\libctru.a(gspgpu.o)
                0x00104ffc                GSPGPU_RestoreVramSysArea
 .text.hidShouldUseIrrst
                0x00105028       0x24 C:/devkitPro/libctru/lib\libctru.a(hid.o)
                0x00105028                hidShouldUseIrrst
 .text.hidInit  0x0010504c      0x1cc C:/devkitPro/libctru/lib\libctru.a(hid.o)
                0x0010504c                hidInit
 .text.hidExit  0x00105218       0xe8 C:/devkitPro/libctru/lib\libctru.a(hid.o)
                0x00105218                hidExit
 .text.hidScanInput
                0x00105300      0x2a0 C:/devkitPro/libctru/lib\libctru.a(hid.o)
                0x00105300                hidScanInput
 .text.hidKeysDown
                0x001055a0       0x10 C:/devkitPro/libctru/lib\libctru.a(hid.o)
                0x001055a0                hidKeysDown
 .text.irrstInit
                0x001055b0      0x1a4 C:/devkitPro/libctru/lib\libctru.a(irrst.o)
                0x001055b0                irrstInit
 .text.irrstExit
                0x00105754       0xdc C:/devkitPro/libctru/lib\libctru.a(irrst.o)
                0x00105754                irrstExit
 .text.irrstScanInput
                0x00105830       0xb4 C:/devkitPro/libctru/lib\libctru.a(irrst.o)
                0x00105830                irrstScanInput
 .text.irrstKeysHeld
                0x001058e4       0x24 C:/devkitPro/libctru/lib\libctru.a(irrst.o)
                0x001058e4                irrstKeysHeld
 .text.__libctru_init
                0x00105908       0x38 C:/devkitPro/libctru/lib\libctru.a(ctru_init.o)
                0x00105908                __libctru_init
 .text.__system_initArgv
                0x00105940      0x16c C:/devkitPro/libctru/lib\libctru.a(initArgv.o)
                0x00105940                __system_initArgv
 .text.__syscall_getreent
                0x00105aac       0x30 C:/devkitPro/libctru/lib\libctru.a(syscalls.o)
                0x00105aac                __syscall_getreent
 .text.__syscall_lock_acquire
                0x00105adc        0x4 C:/devkitPro/libctru/lib\libctru.a(syscalls.o)
                0x00105adc                __syscall_lock_acquire
 .text.__syscall_lock_release
                0x00105ae0        0x4 C:/devkitPro/libctru/lib\libctru.a(syscalls.o)
                0x00105ae0                __syscall_lock_release
 .text.__syscall_lock_acquire_recursive
                0x00105ae4        0x4 C:/devkitPro/libctru/lib\libctru.a(syscalls.o)
                0x00105ae4                __syscall_lock_acquire_recursive
 .text.__syscall_lock_release_recursive
                0x00105ae8        0x4 C:/devkitPro/libctru/lib\libctru.a(syscalls.o)
                0x00105ae8                __syscall_lock_release_recursive
 .text.__syscall_exit
                0x00105aec        0x4 C:/devkitPro/libctru/lib\libctru.a(syscalls.o)
                0x00105aec                __syscall_exit
 .text.initThreadVars
                0x00105af0       0x54 C:/devkitPro/libctru/lib\libctru.a(syscalls.o)
                0x00105af0                initThreadVars
 .text.__system_initSyscalls
                0x00105b44       0x80 C:/devkitPro/libctru/lib\libctru.a(syscalls.o)
                0x00105b44                __system_initSyscalls
 .text.svcControlMemory
                0x00105bc4       0x20 C:/devkitPro/libctru/lib\libctru.a(svc.o)
                0x00105bc4                svcControlMemory
 .text.svcQueryMemory
                0x00105be4       0x30 C:/devkitPro/libctru/lib\libctru.a(svc.o)
                0x00105be4                svcQueryMemory
 .text.svcExitProcess
                0x00105c14        0x8 C:/devkitPro/libctru/lib\libctru.a(svc.o)
                0x00105c14                svcExitProcess
 .text.svcCreateThread
                0x00105c1c       0x20 C:/devkitPro/libctru/lib\libctru.a(svc.o)
                0x00105c1c                svcCreateThread
 .text.svcExitThread
                0x00105c3c        0x8 C:/devkitPro/libctru/lib\libctru.a(svc.o)
                0x00105c3c                svcExitThread
 .text.svcSleepThread
                0x00105c44        0x8 C:/devkitPro/libctru/lib\libctru.a(svc.o)
                0x00105c44                svcSleepThread
 .text.svcReleaseMutex
                0x00105c4c        0x8 C:/devkitPro/libctru/lib\libctru.a(svc.o)
                0x00105c4c                svcReleaseMutex
 .text.svcCreateEvent
                0x00105c54       0x14 C:/devkitPro/libctru/lib\libctru.a(svc.o)
                0x00105c54                svcCreateEvent
 .text.svcSignalEvent
                0x00105c68        0x8 C:/devkitPro/libctru/lib\libctru.a(svc.o)
                0x00105c68                svcSignalEvent
 .text.svcClearEvent
                0x00105c70        0x8 C:/devkitPro/libctru/lib\libctru.a(svc.o)
                0x00105c70                svcClearEvent
 .text.svcMapMemoryBlock
                0x00105c78        0x8 C:/devkitPro/libctru/lib\libctru.a(svc.o)
                0x00105c78                svcMapMemoryBlock
 .text.svcUnmapMemoryBlock
                0x00105c80        0x8 C:/devkitPro/libctru/lib\libctru.a(svc.o)
                0x00105c80                svcUnmapMemoryBlock
 .text.svcCreateAddressArbiter
                0x00105c88       0x14 C:/devkitPro/libctru/lib\libctru.a(svc.o)
                0x00105c88                svcCreateAddressArbiter
 .text.svcArbitrateAddressNoTimeout
                0x00105c9c        0x8 C:/devkitPro/libctru/lib\libctru.a(svc.o)
                0x00105c9c                svcArbitrateAddressNoTimeout
 .text.svcCloseHandle
                0x00105ca4        0x8 C:/devkitPro/libctru/lib\libctru.a(svc.o)
                0x00105ca4                svcCloseHandle
 .text.svcWaitSynchronization
                0x00105cac        0x8 C:/devkitPro/libctru/lib\libctru.a(svc.o)
                0x00105cac                svcWaitSynchronization
 .text.svcWaitSynchronizationN
                0x00105cb4       0x28 C:/devkitPro/libctru/lib\libctru.a(svc.o)
                0x00105cb4                svcWaitSynchronizationN
 .text.svcDuplicateHandle
                0x00105cdc       0x14 C:/devkitPro/libctru/lib\libctru.a(svc.o)
                0x00105cdc                svcDuplicateHandle
 .text.svcConnectToPort
                0x00105cf0       0x14 C:/devkitPro/libctru/lib\libctru.a(svc.o)
                0x00105cf0                svcConnectToPort
 .text.svcSendSyncRequest
                0x00105d04        0x8 C:/devkitPro/libctru/lib\libctru.a(svc.o)
                0x00105d04                svcSendSyncRequest
 .text.svcGetResourceLimit
                0x00105d0c       0x14 C:/devkitPro/libctru/lib\libctru.a(svc.o)
                0x00105d0c                svcGetResourceLimit
 .text.svcGetResourceLimitLimitValues
                0x00105d20        0x8 C:/devkitPro/libctru/lib\libctru.a(svc.o)
                0x00105d20                svcGetResourceLimitLimitValues
 .text.svcGetResourceLimitCurrentValues
                0x00105d28        0x8 C:/devkitPro/libctru/lib\libctru.a(svc.o)
                0x00105d28                svcGetResourceLimitCurrentValues
 .text.svcBreak
                0x00105d30        0x8 C:/devkitPro/libctru/lib\libctru.a(svc.o)
                0x00105d30                svcBreak
 .text.initSystem
                0x00105d38       0x50 C:/devkitPro/libctru/lib\libctru.a(stack_adjust.o)
                0x00105d38                initSystem
 .text.__ctru_exit
                0x00105d88       0x14 C:/devkitPro/libctru/lib\libctru.a(stack_adjust.o)
                0x00105d88                __ctru_exit
 .text._ZL21addrMapNodeComparatorPK11rbtree_nodeS1_
                0x00105d9c       0x24 C:/devkitPro/libctru/lib\libctru.a(linear.o)
 .text._ZL21addrMapNodeDestructorP11rbtree_node
                0x00105dc0        0x4 C:/devkitPro/libctru/lib\libctru.a(linear.o)
 .text.linearMemAlign
                0x00105dc4      0x12c C:/devkitPro/libctru/lib\libctru.a(linear.o)
                0x00105dc4                linearMemAlign
 .text.linearAlloc
                0x00105ef0        0x8 C:/devkitPro/libctru/lib\libctru.a(linear.o)
                0x00105ef0                linearAlloc
 .text.linearFree
                0x00105ef8       0x5c C:/devkitPro/libctru/lib\libctru.a(linear.o)
                0x00105ef8                linearFree
 .text._ZN7MemPool13CoalesceRightEP8MemBlock
                0x00105f54       0x88 C:/devkitPro/libctru/lib\libctru.a(mem_pool.o)
                0x00105f54                _ZN7MemPool13CoalesceRightEP8MemBlock
 .text._ZN7MemPool8AllocateER8MemChunkmi
                0x00105fdc      0x178 C:/devkitPro/libctru/lib\libctru.a(mem_pool.o)
                0x00105fdc                _ZN7MemPool8AllocateER8MemChunkmi
 .text._ZN7MemPool10DeallocateERK8MemChunk
                0x00106154      0x118 C:/devkitPro/libctru/lib\libctru.a(mem_pool.o)
                0x00106154                _ZN7MemPool10DeallocateERK8MemChunk
 .text._ZN7MemPool12GetFreeSpaceEv
                0x0010626c       0x30 C:/devkitPro/libctru/lib\libctru.a(mem_pool.o)
                0x0010626c                _ZN7MemPool12GetFreeSpaceEv
 .text._ZL21addrMapNodeComparatorPK11rbtree_nodeS1_
                0x0010629c       0x24 C:/devkitPro/libctru/lib\libctru.a(vram.o)
 .text._ZL21addrMapNodeDestructorP11rbtree_node
                0x001062c0        0x4 C:/devkitPro/libctru/lib\libctru.a(vram.o)
 .text.vramMemAlignAt
                0x001062c4      0x248 C:/devkitPro/libctru/lib\libctru.a(vram.o)
                0x001062c4                vramMemAlignAt
 .text.vramAlloc
                0x0010650c        0xc C:/devkitPro/libctru/lib\libctru.a(vram.o)
                0x0010650c                vramAlloc
 .text.vramFree
                0x00106518       0x94 C:/devkitPro/libctru/lib\libctru.a(vram.o)
                0x00106518                vramFree
 .text.envGetHandle
                0x001065ac       0x8c C:/devkitPro/libctru/lib\libctru.a(env.o)
                0x001065ac                envGetHandle
 .text.envDestroyHandles
                0x00106638       0x50 C:/devkitPro/libctru/lib\libctru.a(env.o)
                0x00106638                envDestroyHandles
 .text.__ctru_speedup_config
                0x00106688       0x34 C:/devkitPro/libctru/lib\libctru.a(os.o)
                0x00106688                __ctru_speedup_config
 .text.srvInit  0x001066bc      0x164 C:/devkitPro/libctru/lib\libctru.a(srv.o)
                0x001066bc                srvInit
 .text.srvExit  0x00106820       0x64 C:/devkitPro/libctru/lib\libctru.a(srv.o)
                0x00106820                srvExit
 .text.srvEnableNotification
                0x00106884       0x60 C:/devkitPro/libctru/lib\libctru.a(srv.o)
                0x00106884                srvEnableNotification
 .text.srvGetServiceHandleDirect
                0x001068e4       0xa0 C:/devkitPro/libctru/lib\libctru.a(srv.o)
                0x001068e4                srvGetServiceHandleDirect
 .text.srvGetServiceHandle
                0x00106984       0x48 C:/devkitPro/libctru/lib\libctru.a(srv.o)
                0x00106984                srvGetServiceHandle
 .text.srvSubscribe
                0x001069cc       0x34 C:/devkitPro/libctru/lib\libctru.a(srv.o)
                0x001069cc                srvSubscribe
 .text.srvReceiveNotification
                0x00106a00       0x60 C:/devkitPro/libctru/lib\libctru.a(srv.o)
                0x00106a00                srvReceiveNotification
 .text.srvPublishToSubscriber
                0x00106a60       0x38 C:/devkitPro/libctru/lib\libctru.a(srv.o)
                0x00106a60                srvPublishToSubscriber
 .text.__sync_init
                0x00106a98        0xc C:/devkitPro/libctru/lib\libctru.a(synchronization.o)
                0x00106a98                __sync_init
 .text.__sync_fini
                0x00106aa4       0x18 C:/devkitPro/libctru/lib\libctru.a(synchronization.o)
                0x00106aa4                __sync_fini
 .text.syncArbitrateAddress
                0x00106abc       0x28 C:/devkitPro/libctru/lib\libctru.a(synchronization.o)
                0x00106abc                syncArbitrateAddress
 .text.LightLock_Lock
                0x00106ae4       0xac C:/devkitPro/libctru/lib\libctru.a(synchronization.o)
                0x00106ae4                LightLock_Lock
 .text.LightLock_Unlock
                0x00106b90       0x40 C:/devkitPro/libctru/lib\libctru.a(synchronization.o)
                0x00106b90                LightLock_Unlock
 .text.RecursiveLock_Lock
                0x00106bd0       0x54 C:/devkitPro/libctru/lib\libctru.a(synchronization.o)
                0x00106bd0                RecursiveLock_Lock
 .text.RecursiveLock_Unlock
                0x00106c24       0x54 C:/devkitPro/libctru/lib\libctru.a(synchronization.o)
                0x00106c24                RecursiveLock_Unlock
 .text.LightEvent_Init
                0x00106c78       0x44 C:/devkitPro/libctru/lib\libctru.a(synchronization.o)
                0x00106c78                LightEvent_Init
 .text.LightEvent_Clear
                0x00106cbc       0xb8 C:/devkitPro/libctru/lib\libctru.a(synchronization.o)
                0x00106cbc                LightEvent_Clear
 .text.LightEvent_Signal
                0x00106d74       0xdc C:/devkitPro/libctru/lib\libctru.a(synchronization.o)
                0x00106d74                LightEvent_Signal
 .text.LightEvent_TryWait
                0x00106e50       0x50 C:/devkitPro/libctru/lib\libctru.a(synchronization.o)
                0x00106e50                LightEvent_TryWait
 .text.LightEvent_Wait
                0x00106ea0       0xac C:/devkitPro/libctru/lib\libctru.a(synchronization.o)
                0x00106ea0                LightEvent_Wait
 .text.threadCreate
                0x00106f4c      0x1fc C:/devkitPro/libctru/lib\libctru.a(thread.o)
                0x00106f4c                threadCreate
 .text.threadFree
                0x00107148       0x38 C:/devkitPro/libctru/lib\libctru.a(thread.o)
                0x00107148                threadFree
 .text.threadJoin
                0x00107180       0x24 C:/devkitPro/libctru/lib\libctru.a(thread.o)
                0x00107180                threadJoin
 .text.threadGetCurrent
                0x001071a4       0x30 C:/devkitPro/libctru/lib\libctru.a(thread.o)
                0x001071a4                threadGetCurrent
 .text.threadExit
                0x001071d4       0x40 C:/devkitPro/libctru/lib\libctru.a(thread.o)
                0x001071d4                threadExit
 .text._thread_begin
                0x00107214       0x20 C:/devkitPro/libctru/lib\libctru.a(thread.o)
 .text.mappableFindAddressWithin
                0x00107234       0x90 C:/devkitPro/libctru/lib\libctru.a(mappable.o)
 .text.mappableInit
                0x001072c4       0x28 C:/devkitPro/libctru/lib\libctru.a(mappable.o)
                0x001072c4                mappableInit
 .text.mappableAlloc
                0x001072ec       0x7c C:/devkitPro/libctru/lib\libctru.a(mappable.o)
                0x001072ec                mappableAlloc
 .text.mappableFree
                0x00107368        0x4 C:/devkitPro/libctru/lib\libctru.a(mappable.o)
                0x00107368                mappableFree
 .text.ptmSysmInit
                0x0010736c       0x78 C:/devkitPro/libctru/lib\libctru.a(ptmsysm.o)
                0x0010736c                ptmSysmInit
 .text.ptmSysmExit
                0x001073e4       0x3c C:/devkitPro/libctru/lib\libctru.a(ptmsysm.o)
                0x001073e4                ptmSysmExit
 .text.PTMSYSM_ConfigureNew3DSCPU
                0x00107420       0x34 C:/devkitPro/libctru/lib\libctru.a(ptmsysm.o)
                0x00107420                PTMSYSM_ConfigureNew3DSCPU
 .text.srvPmGetSessionHandle
                0x00107454        0xc C:/devkitPro/libctru/lib\libctru.a(srvpm.o)
                0x00107454                srvPmGetSessionHandle
 .text.rbtree_find
                0x00107460       0x74 C:/devkitPro/libctru/lib\libctru.a(rbtree_find.o)
                0x00107460                rbtree_find
 .text.rbtree_init
                0x001074d4       0x10 C:/devkitPro/libctru/lib\libctru.a(rbtree_init.o)
                0x001074d4                rbtree_init
 .text.do_insert
                0x001074e4      0x198 C:/devkitPro/libctru/lib\libctru.a(rbtree_insert.o)
 .text.rbtree_insert
                0x0010767c        0x8 C:/devkitPro/libctru/lib\libctru.a(rbtree_insert.o)
                0x0010767c                rbtree_insert
 .text.rbtree_remove
                0x00107684      0x310 C:/devkitPro/libctru/lib\libctru.a(rbtree_remove.o)
                0x00107684                rbtree_remove
 .text.rbtree_rotate
                0x00107994       0x90 C:/devkitPro/libctru/lib\libctru.a(rbtree_rotate.o)
                0x00107994                rbtree_rotate
 *fill*         0x00107a24        0x4 
 .text.__system_allocateHeaps
                0x00107a28      0x1e8 C:/devkitPro/libctru/lib\libctru.a(allocateHeaps.o)
                0x00107a28                __system_allocateHeaps
 .text.__appExit
                0x00107c10       0x30 C:/devkitPro/libctru/lib\libctru.a(appExit.o)
                0x00107c10                __appExit
 .text.__appInit
                0x00107c40       0x30 C:/devkitPro/libctru/lib\libctru.a(appInit.o)
                0x00107c40                __appInit
 .text.__libctru_exit
                0x00107c70       0x90 C:/devkitPro/libctru/lib\libctru.a(ctru_exit.o)
                0x00107c70                __libctru_exit
 .text.archive_link
                0x00107d00       0x14 C:/devkitPro/libctru/lib\libctru.a(archive_dev.o)
 .text.archive_dirreset
                0x00107d14       0x14 C:/devkitPro/libctru/lib\libctru.a(archive_dev.o)
 .text.archive_chmod
                0x00107d28       0x14 C:/devkitPro/libctru/lib\libctru.a(archive_dev.o)
 .text.error_cmp
                0x00107d3c       0x24 C:/devkitPro/libctru/lib\libctru.a(archive_dev.o)
 .text.archive_translate_error
                0x00107d60       0x50 C:/devkitPro/libctru/lib\libctru.a(archive_dev.o)
 .text.archive_seek
                0x00107db0       0xc0 C:/devkitPro/libctru/lib\libctru.a(archive_dev.o)
 .text._archiveInit.part.0
                0x00107e70       0x78 C:/devkitPro/libctru/lib\libctru.a(archive_dev.o)
 .text.archiveFindDevice.part.0
                0x00107ee8       0xd4 C:/devkitPro/libctru/lib\libctru.a(archive_dev.o)
 .text.archive_utf16path
                0x00107fbc      0x298 C:/devkitPro/libctru/lib\libctru.a(archive_dev.o)
 .text._archiveUnmountDeviceStruct.part.0
                0x00108254       0x98 C:/devkitPro/libctru/lib\libctru.a(archive_dev.o)
 .text.archive_statvfs
                0x001082ec       0x14 C:/devkitPro/libctru/lib\libctru.a(archive_dev.o)
 .text.archive_fchmod
                0x00108300       0x14 C:/devkitPro/libctru/lib\libctru.a(archive_dev.o)
 .text._archiveMountDevice
                0x00108314      0x178 C:/devkitPro/libctru/lib\libctru.a(archive_dev.o)
 .text.archive_diropen
                0x0010848c       0xf8 C:/devkitPro/libctru/lib\libctru.a(archive_dev.o)
 .text.archive_fstat
                0x00108584       0xac C:/devkitPro/libctru/lib\libctru.a(archive_dev.o)
 .text.archive_fsync
                0x00108630       0x74 C:/devkitPro/libctru/lib\libctru.a(archive_dev.o)
 .text.archive_close
                0x001086a4       0x74 C:/devkitPro/libctru/lib\libctru.a(archive_dev.o)
 .text.archive_dirclose
                0x00108718       0x78 C:/devkitPro/libctru/lib\libctru.a(archive_dev.o)
 .text.sdmc_statvfs
                0x00108790       0xec C:/devkitPro/libctru/lib\libctru.a(archive_dev.o)
 .text.archive_chdir
                0x0010887c       0xf8 C:/devkitPro/libctru/lib\libctru.a(archive_dev.o)
 .text.archive_ftruncate
                0x00108974       0x8c C:/devkitPro/libctru/lib\libctru.a(archive_dev.o)
 .text.archive_read
                0x00108a00       0xbc C:/devkitPro/libctru/lib\libctru.a(archive_dev.o)
 .text.archive_unlink
                0x00108abc       0xa8 C:/devkitPro/libctru/lib\libctru.a(archive_dev.o)
 .text.archive_rmdir
                0x00108b64       0xc0 C:/devkitPro/libctru/lib\libctru.a(archive_dev.o)
 .text.archive_mkdir
                0x00108c24       0xd8 C:/devkitPro/libctru/lib\libctru.a(archive_dev.o)
 .text.archive_stat
                0x00108cfc      0x1a0 C:/devkitPro/libctru/lib\libctru.a(archive_dev.o)
 .text.archive_dirnext
                0x00108e9c      0x164 C:/devkitPro/libctru/lib\libctru.a(archive_dev.o)
 .text.archive_write
                0x00109000      0x13c C:/devkitPro/libctru/lib\libctru.a(archive_dev.o)
 *fill*         0x0010913c        0x4 
 .text.archive_open
                0x00109140      0x254 C:/devkitPro/libctru/lib\libctru.a(archive_dev.o)
 .text.archive_rename
                0x00109394      0x270 C:/devkitPro/libctru/lib\libctru.a(archive_dev.o)
 .text.archiveMountSdmc
                0x00109604      0x1c8 C:/devkitPro/libctru/lib\libctru.a(archive_dev.o)
                0x00109604                archiveMountSdmc
 .text.archiveUnmountAll
                0x001097cc       0x54 C:/devkitPro/libctru/lib\libctru.a(archive_dev.o)
                0x001097cc                archiveUnmountAll
 .text.fsInit   0x00109820      0x104 C:/devkitPro/libctru/lib\libctru.a(fs.o)
                0x00109820                fsInit
 .text.fsExit   0x00109924       0x3c C:/devkitPro/libctru/lib\libctru.a(fs.o)
                0x00109924                fsExit
 .text.fsExemptFromSession
                0x00109960       0x68 C:/devkitPro/libctru/lib\libctru.a(fs.o)
                0x00109960                fsExemptFromSession
 .text.fsUnexemptFromSession
                0x001099c8       0x50 C:/devkitPro/libctru/lib\libctru.a(fs.o)
                0x001099c8                fsUnexemptFromSession
 .text.FSUSER_OpenFile
                0x00109a18       0xcc C:/devkitPro/libctru/lib\libctru.a(fs.o)
                0x00109a18                FSUSER_OpenFile
 .text.FSUSER_DeleteFile
                0x00109ae4       0xb8 C:/devkitPro/libctru/lib\libctru.a(fs.o)
                0x00109ae4                FSUSER_DeleteFile
 .text.FSUSER_RenameFile
                0x00109b9c       0xf4 C:/devkitPro/libctru/lib\libctru.a(fs.o)
                0x00109b9c                FSUSER_RenameFile
 .text.FSUSER_DeleteDirectory
                0x00109c90       0xb8 C:/devkitPro/libctru/lib\libctru.a(fs.o)
                0x00109c90                FSUSER_DeleteDirectory
 .text.FSUSER_CreateFile
                0x00109d48       0xd0 C:/devkitPro/libctru/lib\libctru.a(fs.o)
                0x00109d48                FSUSER_CreateFile
 .text.FSUSER_CreateDirectory
                0x00109e18       0xc0 C:/devkitPro/libctru/lib\libctru.a(fs.o)
                0x00109e18                FSUSER_CreateDirectory
 .text.FSUSER_RenameDirectory
                0x00109ed8       0xf4 C:/devkitPro/libctru/lib\libctru.a(fs.o)
                0x00109ed8                FSUSER_RenameDirectory
 .text.FSUSER_OpenDirectory
                0x00109fcc       0xb4 C:/devkitPro/libctru/lib\libctru.a(fs.o)
                0x00109fcc                FSUSER_OpenDirectory
 .text.FSUSER_OpenArchive
                0x0010a080       0x90 C:/devkitPro/libctru/lib\libctru.a(fs.o)
                0x0010a080                FSUSER_OpenArchive
 .text.FSUSER_CloseArchive
                0x0010a110       0x8c C:/devkitPro/libctru/lib\libctru.a(fs.o)
                0x0010a110                FSUSER_CloseArchive
 .text.FSUSER_GetSdmcArchiveResource
                0x0010a19c       0x74 C:/devkitPro/libctru/lib\libctru.a(fs.o)
                0x0010a19c                FSUSER_GetSdmcArchiveResource
 .text.FSUSER_IsSdmcWritable
                0x0010a210       0x64 C:/devkitPro/libctru/lib\libctru.a(fs.o)
                0x0010a210                FSUSER_IsSdmcWritable
 .text.FSFILE_Read
                0x0010a274       0x64 C:/devkitPro/libctru/lib\libctru.a(fs.o)
                0x0010a274                FSFILE_Read
 .text.FSFILE_Write
                0x0010a2d8       0x6c C:/devkitPro/libctru/lib\libctru.a(fs.o)
                0x0010a2d8                FSFILE_Write
 .text.FSFILE_GetSize
                0x0010a344       0x44 C:/devkitPro/libctru/lib\libctru.a(fs.o)
                0x0010a344                FSFILE_GetSize
 .text.FSFILE_SetSize
                0x0010a388       0x28 C:/devkitPro/libctru/lib\libctru.a(fs.o)
                0x0010a388                FSFILE_SetSize
 .text.FSFILE_Close
                0x0010a3b0       0x3c C:/devkitPro/libctru/lib\libctru.a(fs.o)
                0x0010a3b0                FSFILE_Close
 .text.FSFILE_Flush
                0x0010a3ec       0x24 C:/devkitPro/libctru/lib\libctru.a(fs.o)
                0x0010a3ec                FSFILE_Flush
 .text.FSDIR_Read
                0x0010a410       0x60 C:/devkitPro/libctru/lib\libctru.a(fs.o)
                0x0010a410                FSDIR_Read
 .text.FSDIR_Close
                0x0010a470       0x3c C:/devkitPro/libctru/lib\libctru.a(fs.o)
                0x0010a470                FSDIR_Close
 .text.rbtree_node_next
                0x0010a4ac       0x60 C:/devkitPro/libctru/lib\libctru.a(rbtree_iterator.o)
                0x0010a4ac                rbtree_node_next
 .text.decode_utf8
                0x0010a50c      0x140 C:/devkitPro/libctru/lib\libctru.a(decode_utf8.o)
                0x0010a50c                decode_utf8
 .text.utf16_to_utf8
                0x0010a64c       0xe8 C:/devkitPro/libctru/lib\libctru.a(utf16_to_utf8.o)
                0x0010a64c                utf16_to_utf8
 .text.utf8_to_utf16
                0x0010a734       0xc0 C:/devkitPro/libctru/lib\libctru.a(utf8_to_utf16.o)
                0x0010a734                utf8_to_utf16
 .text.__aeabi_read_tp
                0x0010a7f4        0xc C:/devkitPro/libctru/lib\libctru.a(readtp.o)
                0x0010a7f4                __aeabi_read_tp
 .text.decode_utf16
                0x0010a800       0x54 C:/devkitPro/libctru/lib\libctru.a(decode_utf16.o)
                0x0010a800                decode_utf16
 .text.encode_utf16
                0x0010a854       0x54 C:/devkitPro/libctru/lib\libctru.a(encode_utf16.o)
                0x0010a854                encode_utf16
 .text.encode_utf8
                0x0010a8a8       0xe0 C:/devkitPro/libctru/lib\libctru.a(encode_utf8.o)
                0x0010a8a8                encode_utf8
 .text.strncmp  0x0010a988       0xd8 C:/devkitPro/devkitARM/bin/../lib/gcc/arm-none-eabi/15.2.0/../../../../arm-none-eabi/lib/armv6k/fpu\libg.a(libc_a-strncmp.o)
                0x0010a988                strncmp
 .text.strlen   0x0010aa60       0x8c C:/devkitPro/devkitARM/bin/../lib/gcc/arm-none-eabi/15.2.0/../../../../arm-none-eabi/lib/armv6k/fpu\libg.a(libc_a-strlen.o)
                0x0010aa60                strlen
 .text.stdio_exit_handler
                0x0010aaec       0x1c C:/devkitPro/devkitARM/bin/../lib/gcc/arm-none-eabi/15.2.0/../../../../arm-none-eabi/lib/armv6k/fpu\libg.a(libc_a-findfp.o)
 .text.cleanup_stdio
                0x0010ab08       0x5c C:/devkitPro/devkitARM/bin/../lib/gcc/arm-none-eabi/15.2.0/../../../../arm-none-eabi/lib/armv6k/fpu\libg.a(libc_a-findfp.o)
 .text.global_stdio_init.part.0
                0x0010ab64      0x154 C:/devkitPro/devkitARM/bin/../lib/gcc/arm-none-eabi/15.2.0/../../../../arm-none-eabi/lib/armv6k/fpu\libg.a(libc_a-findfp.o)
 .text.__sinit  0x0010acb8       0x5c C:/devkitPro/devkitARM/bin/../lib/gcc/arm-none-eabi/15.2.0/../../../../arm-none-eabi/lib/armv6k/fpu\libg.a(libc_a-findfp.o)
                0x0010acb8                __sinit
 .text.__sfp_lock_acquire
                0x0010ad14        0xc C:/devkitPro/devkitARM/bin/../lib/gcc/arm-none-eabi/15.2.0/../../../../arm-none-eabi/lib/armv6k/fpu\libg.a(libc_a-findfp.o)
                0x0010ad14                __sfp_lock_acquire
 .text.__sfp_lock_release
                0x0010ad20        0xc C:/devkitPro/devkitARM/bin/../lib/gcc/arm-none-eabi/15.2.0/../../../../arm-none-eabi/lib/armv6k/fpu\libg.a(libc_a-findfp.o)
                0x0010ad20                __sfp_lock_release
 .text._strtoul_l.isra.0
                0x0010ad2c      0x1ec C:/devkitPro/devkitARM/bin/../lib/gcc/arm-none-eabi/15.2.0/../../../../arm-none-eabi/lib/armv6k/fpu\libg.a(libc_a-strtoul.o)
 .text.strtoul  0x0010af18       0x3c C:/devkitPro/devkitARM/bin/../lib/gcc/arm-none-eabi/15.2.0/../../../../arm-none-eabi/lib/armv6k/fpu\libg.a(libc_a-strtoul.o)
                0x0010af18                strtoul
 .text.__libc_init_array
                0x0010af54       0x84 C:/devkitPro/devkitARM/bin/../lib/gcc/arm-none-eabi/15.2.0/../../../../arm-none-eabi/lib/armv6k/fpu\libg.a(libc_a-init.o)
                0x0010af54                __libc_init_array
 .text.strncat  0x0010afd8       0x9c C:/devkitPro/devkitARM/bin/../lib/gcc/arm-none-eabi/15.2.0/../../../../arm-none-eabi/lib/armv6k/fpu\libg.a(libc_a-strncat.o)
                0x0010afd8                strncat
 .text._fwalk_sglue
                0x0010b074       0x70 C:/devkitPro/devkitARM/bin/../lib/gcc/arm-none-eabi/15.2.0/../../../../arm-none-eabi/lib/armv6k/fpu\libg.a(libc_a-fwalk.o)
                0x0010b074                _fwalk_sglue
 .text.bsearch  0x0010b0e4       0x78 C:/devkitPro/devkitARM/bin/../lib/gcc/arm-none-eabi/15.2.0/../../../../arm-none-eabi/lib/armv6k/fpu\libg.a(libc_a-bsearch.o)
                0x0010b0e4                bsearch
 .text.__errno  0x0010b15c        0xc C:/devkitPro/devkitARM/bin/../lib/gcc/arm-none-eabi/15.2.0/../../../../arm-none-eabi/lib/armv6k/fpu\libg.a(libc_a-errno.o)
                0x0010b15c                __errno
 .text._puts_r  0x0010b168       0xe0 C:/devkitPro/devkitARM/bin/../lib/gcc/arm-none-eabi/15.2.0/../../../../arm-none-eabi/lib/armv6k/fpu\libg.a(libc_a-puts.o)
                0x0010b168                _puts_r
 .text.puts     0x0010b248       0x20 C:/devkitPro/devkitARM/bin/../lib/gcc/arm-none-eabi/15.2.0/../../../../arm-none-eabi/lib/armv6k/fpu\libg.a(libc_a-puts.o)
                0x0010b248                puts
 .text.memalign
                0x0010b268       0x28 C:/devkitPro/devkitARM/bin/../lib/gcc/arm-none-eabi/15.2.0/../../../../arm-none-eabi/lib/armv6k/fpu\libg.a(libc_a-malign.o)
                0x0010b268                memalign
 .text._malloc_r
                0x0010b290      0x82c C:/devkitPro/devkitARM/bin/../lib/gcc/arm-none-eabi/15.2.0/../../../../arm-none-eabi/lib/armv6k/fpu\libg.a(libc_a-mallocr.o)
                0x0010b290                _malloc_r
 .text._malloc_trim_r
                0x0010babc      0x114 C:/devkitPro/devkitARM/bin/../lib/gcc/arm-none-eabi/15.2.0/../../../../arm-none-eabi/lib/armv6k/fpu\libg.a(libc_a-freer.o)
                0x0010babc                _malloc_trim_r
 .text._free_r  0x0010bbd0      0x314 C:/devkitPro/devkitARM/bin/../lib/gcc/arm-none-eabi/15.2.0/../../../../arm-none-eabi/lib/armv6k/fpu\libg.a(libc_a-freer.o)
                0x0010bbd0                _free_r
 .text.strnlen  0x0010bee4       0x3c C:/devkitPro/devkitARM/bin/../lib/gcc/arm-none-eabi/15.2.0/../../../../arm-none-eabi/lib/armv6k/fpu\libg.a(libc_a-strnlen.o)
                0x0010bee4                strnlen
 .text.malloc   0x0010bf20       0x40 C:/devkitPro/devkitARM/bin/../lib/gcc/arm-none-eabi/15.2.0/../../../../arm-none-eabi/lib/armv6k/fpu\libg.a(libc_a-malloc.o)
                0x0010bf20                malloc
 .text.free     0x0010bf60       0x20 C:/devkitPro/devkitARM/bin/../lib/gcc/arm-none-eabi/15.2.0/../../../../arm-none-eabi/lib/armv6k/fpu\libg.a(libc_a-malloc.o)
                0x0010bf60                free
 .text.__sflush_r
                0x0010bf80      0x22c C:/devkitPro/devkitARM/bin/../lib/gcc/arm-none-eabi/15.2.0/../../../../arm-none-eabi/lib/armv6k/fpu\libg.a(libc_a-fflush.o)
                0x0010bf80                __sflush_r
 .text._fflush_r
                0x0010c1ac       0xc4 C:/devkitPro/devkitARM/bin/../lib/gcc/arm-none-eabi/15.2.0/../../../../arm-none-eabi/lib/armv6k/fpu\libg.a(libc_a-fflush.o)
                0x0010c1ac                _fflush_r
 .text.memset   0x0010c270       0xe4 C:/devkitPro/devkitARM/bin/../lib/gcc/arm-none-eabi/15.2.0/../../../../arm-none-eabi/lib/armv6k/fpu\libg.a(libc_a-memset.o)
                0x0010c270                memset
 .text.__malloc_lock
                0x0010c354        0xc C:/devkitPro/devkitARM/bin/../lib/gcc/arm-none-eabi/15.2.0/../../../../arm-none-eabi/lib/armv6k/fpu\libg.a(libc_a-mlock.o)
                0x0010c354                __malloc_lock
 .text.__malloc_unlock
                0x0010c360        0xc C:/devkitPro/devkitARM/bin/../lib/gcc/arm-none-eabi/15.2.0/../../../../arm-none-eabi/lib/armv6k/fpu\libg.a(libc_a-mlock.o)
                0x0010c360                __malloc_unlock
 .text.__call_exitprocs
                0x0010c36c        0x4 C:/devkitPro/devkitARM/bin/../lib/gcc/arm-none-eabi/15.2.0/../../../../arm-none-eabi/lib/armv6k/fpu\libg.a(libc_a-exit.o)
                0x0010c36c                __call_exitprocs
 .text.exit     0x0010c370       0x30 C:/devkitPro/devkitARM/bin/../lib/gcc/arm-none-eabi/15.2.0/../../../../arm-none-eabi/lib/armv6k/fpu\libg.a(libc_a-exit.o)
                0x0010c370                exit
 .text.setvbuf  0x0010c3a0      0x294 C:/devkitPro/devkitARM/bin/../lib/gcc/arm-none-eabi/15.2.0/../../../../arm-none-eabi/lib/armv6k/fpu\libg.a(libc_a-setvbuf.o)
                0x0010c3a0                setvbuf
 .text.strncpy  0x0010c634       0xd4 C:/devkitPro/devkitARM/bin/../lib/gcc/arm-none-eabi/15.2.0/../../../../arm-none-eabi/lib/armv6k/fpu\libg.a(libc_a-strncpy.o)
                0x0010c634                strncpy
 .text.memcpy   0x0010c708      0x12c C:/devkitPro/devkitARM/bin/../lib/gcc/arm-none-eabi/15.2.0/../../../../arm-none-eabi/lib/armv6k/fpu\libg.a(libc_a-memcpy-stub.o)
                0x0010c708                memcpy
 .text.__sfvwrite_r
                0x0010c834      0x4a4 C:/devkitPro/devkitARM/bin/../lib/gcc/arm-none-eabi/15.2.0/../../../../arm-none-eabi/lib/armv6k/fpu\libg.a(libc_a-fvwrite.o)
                0x0010c834                __sfvwrite_r
 .text.__sread  0x0010ccd8       0x44 C:/devkitPro/devkitARM/bin/../lib/gcc/arm-none-eabi/15.2.0/../../../../arm-none-eabi/lib/armv6k/fpu\libg.a(libc_a-stdio.o)
                0x0010ccd8                __sread
 .text.__swrite
                0x0010cd1c       0x68 C:/devkitPro/devkitARM/bin/../lib/gcc/arm-none-eabi/15.2.0/../../../../arm-none-eabi/lib/armv6k/fpu\libg.a(libc_a-stdio.o)
                0x0010cd1c                __swrite
 .text.__sseek  0x0010cd84       0x40 C:/devkitPro/devkitARM/bin/../lib/gcc/arm-none-eabi/15.2.0/../../../../arm-none-eabi/lib/armv6k/fpu\libg.a(libc_a-stdio.o)
                0x0010cd84                __sseek
 .text.__sclose
                0x0010cdc4        0x8 C:/devkitPro/devkitARM/bin/../lib/gcc/arm-none-eabi/15.2.0/../../../../arm-none-eabi/lib/armv6k/fpu\libg.a(libc_a-stdio.o)
                0x0010cdc4                __sclose
 .text.memmove  0x0010cdcc      0x16c C:/devkitPro/devkitARM/bin/../lib/gcc/arm-none-eabi/15.2.0/../../../../arm-none-eabi/lib/armv6k/fpu\libg.a(libc_a-memmove.o)
                0x0010cdcc                memmove
 .text._fclose_r
                0x0010cf38      0x144 C:/devkitPro/devkitARM/bin/../lib/gcc/arm-none-eabi/15.2.0/../../../../arm-none-eabi/lib/armv6k/fpu\libg.a(libc_a-fclose.o)
                0x0010cf38                _fclose_r
 .text._memalign_r
                0x0010d07c      0x16c C:/devkitPro/devkitARM/bin/../lib/gcc/arm-none-eabi/15.2.0/../../../../arm-none-eabi/lib/armv6k/fpu\libg.a(libc_a-malignr.o)
                0x0010d07c                _memalign_r
 .text.memchr   0x0010d1e8       0xe8 C:/devkitPro/devkitARM/bin/../lib/gcc/arm-none-eabi/15.2.0/../../../../arm-none-eabi/lib/armv6k/fpu\libg.a(libc_a-memchr-stub.o)
                0x0010d1e8                memchr
 .text.__libc_fini_array
                0x0010d2d0       0x3c C:/devkitPro/devkitARM/bin/../lib/gcc/arm-none-eabi/15.2.0/../../../../arm-none-eabi/lib/armv6k/fpu\libg.a(libc_a-fini.o)
                0x0010d2d0                __libc_fini_array
 .text.__smakebuf_r
                0x0010d30c      0x164 C:/devkitPro/devkitARM/bin/../lib/gcc/arm-none-eabi/15.2.0/../../../../arm-none-eabi/lib/armv6k/fpu\libg.a(libc_a-makebuf.o)
                0x0010d30c                __smakebuf_r
 .text.__swhatbuf_r
                0x0010d470       0x90 C:/devkitPro/devkitARM/bin/../lib/gcc/arm-none-eabi/15.2.0/../../../../arm-none-eabi/lib/armv6k/fpu\libg.a(libc_a-makebuf.o)
                0x0010d470                __swhatbuf_r
 .text._realloc_r
                0x0010d500      0x4f0 C:/devkitPro/devkitARM/bin/../lib/gcc/arm-none-eabi/15.2.0/../../../../arm-none-eabi/lib/armv6k/fpu\libg.a(libc_a-reallocr.o)
                0x0010d500                _realloc_r
 .text.__swsetup_r
                0x0010d9f0      0x140 C:/devkitPro/devkitARM/bin/../lib/gcc/arm-none-eabi/15.2.0/../../../../arm-none-eabi/lib/armv6k/fpu\libg.a(libc_a-wsetup.o)
                0x0010d9f0                __swsetup_r
 .text._exit    0x0010db30       0x20 C:/devkitPro/devkitARM/bin/../lib/gcc/arm-none-eabi/15.2.0/../../../../arm-none-eabi/lib/armv6k/fpu\libsysbase.a(libsysbase_libsysbase_a-_exit.o)
                0x0010db30                _exit
 .text.chdir    0x0010db50      0x140 C:/devkitPro/devkitARM/bin/../lib/gcc/arm-none-eabi/15.2.0/../../../../arm-none-eabi/lib/armv6k/fpu\libsysbase.a(libsysbase_libsysbase_a-chdir.o)
                0x0010db50                chdir
 .text._concatenate_path
                0x0010dc90      0x1c8 C:/devkitPro/devkitARM/bin/../lib/gcc/arm-none-eabi/15.2.0/../../../../arm-none-eabi/lib/armv6k/fpu\libsysbase.a(libsysbase_libsysbase_a-concatenate.o)
                0x0010dc90                _concatenate_path
 .text._fstat_r
                0x0010de58       0x9c C:/devkitPro/devkitARM/bin/../lib/gcc/arm-none-eabi/15.2.0/../../../../arm-none-eabi/lib/armv6k/fpu\libsysbase.a(libsysbase_libsysbase_a-fstat.o)
                0x0010de58                _fstat_r
 .text.__getreent
                0x0010def4       0x2c C:/devkitPro/devkitARM/bin/../lib/gcc/arm-none-eabi/15.2.0/../../../../arm-none-eabi/lib/armv6k/fpu\libsysbase.a(libsysbase_libsysbase_a-getreent.o)
                0x0010def4                __getreent
 .text.__get_handle
                0x0010df20       0x58 C:/devkitPro/devkitARM/bin/../lib/gcc/arm-none-eabi/15.2.0/../../../../arm-none-eabi/lib/armv6k/fpu\libsysbase.a(libsysbase_libsysbase_a-handle_manager.o)
                0x0010df20                __get_handle
 .text._close_r
                0x0010df78      0x110 C:/devkitPro/devkitARM/bin/../lib/gcc/arm-none-eabi/15.2.0/../../../../arm-none-eabi/lib/armv6k/fpu\libsysbase.a(libsysbase_libsysbase_a-handle_manager.o)
                0x0010df78                _close_r
 .text.null_write
                0x0010e088        0x8 C:/devkitPro/devkitARM/bin/../lib/gcc/arm-none-eabi/15.2.0/../../../../arm-none-eabi/lib/armv6k/fpu\libsysbase.a(libsysbase_libsysbase_a-iosupport.o)
 .text.setDefaultDevice
                0x0010e090       0x18 C:/devkitPro/devkitARM/bin/../lib/gcc/arm-none-eabi/15.2.0/../../../../arm-none-eabi/lib/armv6k/fpu\libsysbase.a(libsysbase_libsysbase_a-iosupport.o)
                0x0010e090                setDefaultDevice
 .text.FindDevice
                0x0010e0a8       0xc4 C:/devkitPro/devkitARM/bin/../lib/gcc/arm-none-eabi/15.2.0/../../../../arm-none-eabi/lib/armv6k/fpu\libsysbase.a(libsysbase_libsysbase_a-iosupport.o)
                0x0010e0a8                FindDevice
 .text.RemoveDevice
                0x0010e16c       0x28 C:/devkitPro/devkitARM/bin/../lib/gcc/arm-none-eabi/15.2.0/../../../../arm-none-eabi/lib/armv6k/fpu\libsysbase.a(libsysbase_libsysbase_a-iosupport.o)
                0x0010e16c                RemoveDevice
 .text.AddDevice
                0x0010e194       0x98 C:/devkitPro/devkitARM/bin/../lib/gcc/arm-none-eabi/15.2.0/../../../../arm-none-eabi/lib/armv6k/fpu\libsysbase.a(libsysbase_libsysbase_a-iosupport.o)
                0x0010e194                AddDevice
 .text.GetDeviceOpTab
                0x0010e22c       0x20 C:/devkitPro/devkitARM/bin/../lib/gcc/arm-none-eabi/15.2.0/../../../../arm-none-eabi/lib/armv6k/fpu\libsysbase.a(libsysbase_libsysbase_a-iosupport.o)
                0x0010e22c                GetDeviceOpTab
 .text._isatty_r
                0x0010e24c        0x8 C:/devkitPro/devkitARM/bin/../lib/gcc/arm-none-eabi/15.2.0/../../../../arm-none-eabi/lib/armv6k/fpu\libsysbase.a(libsysbase_libsysbase_a-isatty.o)
                0x0010e24c                _isatty_r
 .text._lseek_r
                0x0010e254       0x94 C:/devkitPro/devkitARM/bin/../lib/gcc/arm-none-eabi/15.2.0/../../../../arm-none-eabi/lib/armv6k/fpu\libsysbase.a(libsysbase_libsysbase_a-lseek.o)
                0x0010e254                _lseek_r
 .text._read_r  0x0010e2e8       0x94 C:/devkitPro/devkitARM/bin/../lib/gcc/arm-none-eabi/15.2.0/../../../../arm-none-eabi/lib/armv6k/fpu\libsysbase.a(libsysbase_libsysbase_a-read.o)
                0x0010e2e8                _read_r
 .text._sbrk_r  0x0010e37c       0x78 C:/devkitPro/devkitARM/bin/../lib/gcc/arm-none-eabi/15.2.0/../../../../arm-none-eabi/lib/armv6k/fpu\libsysbase.a(libsysbase_libsysbase_a-sbrk.o)
                0x0010e37c                _sbrk_r
 .text.__libc_lock_acquire
                0x0010e3f4       0x1c C:/devkitPro/devkitARM/bin/../lib/gcc/arm-none-eabi/15.2.0/../../../../arm-none-eabi/lib/armv6k/fpu\libsysbase.a(libsysbase_libsysbase_a-syscall_support.o)
                0x0010e3f4                __libc_lock_acquire
 .text.__libc_lock_release
                0x0010e410       0x1c C:/devkitPro/devkitARM/bin/../lib/gcc/arm-none-eabi/15.2.0/../../../../arm-none-eabi/lib/armv6k/fpu\libsysbase.a(libsysbase_libsysbase_a-syscall_support.o)
                0x0010e410                __libc_lock_release
 .text.__libc_lock_acquire_recursive
                0x0010e42c       0x1c C:/devkitPro/devkitARM/bin/../lib/gcc/arm-none-eabi/15.2.0/../../../../arm-none-eabi/lib/armv6k/fpu\libsysbase.a(libsysbase_libsysbase_a-syscall_support.o)
                0x0010e42c                __libc_lock_acquire_recursive
 .text.__libc_lock_release_recursive
                0x0010e448       0x1c C:/devkitPro/devkitARM/bin/../lib/gcc/arm-none-eabi/15.2.0/../../../../arm-none-eabi/lib/armv6k/fpu\libsysbase.a(libsysbase_libsysbase_a-syscall_support.o)
                0x0010e448                __libc_lock_release_recursive
 .text._write_r
                0x0010e464       0x94 C:/devkitPro/devkitARM/bin/../lib/gcc/arm-none-eabi/15.2.0/../../../../arm-none-eabi/lib/armv6k/fpu\libsysbase.a(libsysbase_libsysbase_a-write.o)
                0x0010e464                _write_r
 .text.strchr   0x0010e4f8      0x140 C:/devkitPro/devkitARM/bin/../lib/gcc/arm-none-eabi/15.2.0/../../../../arm-none-eabi/lib/armv6k/fpu\libg.a(libc_a-strchr.o)
                0x0010e4f8                strchr
 .text.strrchr  0x0010e638       0x48 C:/devkitPro/devkitARM/bin/../lib/gcc/arm-none-eabi/15.2.0/../../../../arm-none-eabi/lib/armv6k/fpu\libg.a(libc_a-strrchr.o)
                0x0010e638                strrchr
 *(.glue_7)
 .glue_7        0x0010e680        0x0 linker stubs
 *(.glue_7t)
 .glue_7t       0x0010e680        0x0 linker stubs
 *(.stub)
 *(.gnu.warning)
 *(.gnu.linkonce.t*)
                0x0010e680                        . = ALIGN (0x4)
 *(.fini)
 .fini          0x0010e680        0xc C:/devkitPro/devkitARM/bin/../lib/gcc/arm-none-eabi/15.2.0/armv6k/fpu/crti.o
                0x0010e680                _fini
 .fini          0x0010e68c        0xc C:/devkitPro/devkitARM/bin/../lib/gcc/arm-none-eabi/15.2.0/armv6k/fpu/crtn.o
                0x0010e698                        . = ALIGN (0x4)

.vfp11_veneer   0x0010e698        0x0
 .vfp11_veneer  0x0010e698        0x0 linker stubs

.v4_bx          0x0010e698        0x0
 .v4_bx         0x0010e698        0x0 linker stubs

.iplt           0x0010e698        0x0
 .iplt          0x0010e698        0x0 C:/devkitPro/devkitARM/bin/../lib/gcc/arm-none-eabi/15.2.0/../../../../arm-none-eabi/lib/armv6k/fpu/3dsx_crt0.o
                0x0010f000                        . = ALIGN (0x1000)

.rodata         0x0010f000      0xec0
 *(.rodata)
 .rodata        0x0010f000        0xc C:/devkitPro/libctru/lib\libctru.a(archive_dev.o)
 *(.roda)
 *(.rodata.*)
 .rodata.str1.4
                0x0010f00c      0x202 main.o
                                0x164 (size before relaxing)
 .rodata.consolePrintChar
                0x0010f20e        0x6 C:/devkitPro/libctru/lib\libctru.a(console.o)
 .rodata.con_write
                0x0010f214      0x164 C:/devkitPro/libctru/lib\libctru.a(console.o)
 .rodata.str1.4
                0x0010f378        0x0 C:/devkitPro/libctru/lib\libctru.a(console.o)
                                 0x10 (size before relaxing)
 .rodata.dotab_stdout
                0x0010f378       0x80 C:/devkitPro/libctru/lib\libctru.a(console.o)
 .rodata.grayScale
                0x0010f3f8       0x18 C:/devkitPro/libctru/lib\libctru.a(console.o)
 .rodata.colorCube
                0x0010f410        0x6 C:/devkitPro/libctru/lib\libctru.a(console.o)
 *fill*         0x0010f416        0x2 
 .rodata.colorTable
                0x0010f418       0x30 C:/devkitPro/libctru/lib\libctru.a(console.o)
 .rodata.aptEventHandler
                0x0010f448        0xb C:/devkitPro/libctru/lib\libctru.a(apt.o)
 .rodata.aptWaitForWakeUp.isra.0
                0x0010f453       0x11 C:/devkitPro/libctru/lib\libctru.a(apt.o)
 .rodata.morton_y.2
                0x0010f464        0x8 C:/devkitPro/libctru/lib\libctru.a(apt.o)
 .rodata.morton_x.3
                0x0010f46c        0x8 C:/devkitPro/libctru/lib\libctru.a(apt.o)
 .rodata.s_sleepWakeEvents.4
                0x0010f474        0x8 C:/devkitPro/libctru/lib\libctru.a(apt.o)
 .rodata.str1.4
                0x0010f47c        0x0 C:/devkitPro/libctru/lib\libctru.a(apt.o)
                                 0x16 (size before relaxing)
 .rodata.serviceNameTable.5
                0x0010f47c        0xc C:/devkitPro/libctru/lib\libctru.a(apt.o)
 .rodata.gspInit.str1.4
                0x0010f488        0x0 C:/devkitPro/libctru/lib\libctru.a(gspgpu.o)
                                  0x9 (size before relaxing)
 .rodata.hidInit.str1.4
                0x0010f488        0x0 C:/devkitPro/libctru/lib\libctru.a(hid.o)
                                 0x15 (size before relaxing)
 .rodata.irrstInit.str1.4
                0x0010f488        0x0 C:/devkitPro/libctru/lib\libctru.a(irrst.o)
                                  0x7 (size before relaxing)
 .rodata.__system_initArgv.str1.4
                0x0010f488        0x0 C:/devkitPro/libctru/lib\libctru.a(initArgv.o)
                                  0xa (size before relaxing)
 .rodata.default_font_bin
                0x0010f488      0x800 C:/devkitPro/libctru/lib\libctru.a(default_font.bin.o)
                0x0010f488                default_font_bin
                0x0010fc88                default_font_bin_end
 .rodata.srvInit.str1.4
                0x0010fc88        0x0 C:/devkitPro/libctru/lib\libctru.a(srv.o)
                                  0x5 (size before relaxing)
 .rodata.ptmSysmInit.str1.4
                0x0010fc88        0x0 C:/devkitPro/libctru/lib\libctru.a(ptmsysm.o)
                                  0x9 (size before relaxing)
 .rodata.archive_utf16path.str1.4
                0x0010fc88        0x0 C:/devkitPro/libctru/lib\libctru.a(archive_dev.o)
                                  0x2 (size before relaxing)
 .rodata._archiveUnmountDeviceStruct.part.0.str1.4
                0x0010fc88        0x0 C:/devkitPro/libctru/lib\libctru.a(archive_dev.o)
                                  0x2 (size before relaxing)
 .rodata._archiveMountDevice.str1.4
                0x0010fc88        0x0 C:/devkitPro/libctru/lib\libctru.a(archive_dev.o)
                                  0xc (size before relaxing)
 .rodata.archiveMountSdmc.str1.4
                0x0010fc88        0x0 C:/devkitPro/libctru/lib\libctru.a(archive_dev.o)
                                  0x5 (size before relaxing)
 .rodata.error_table
                0x0010fc88       0x30 C:/devkitPro/libctru/lib\libctru.a(archive_dev.o)
 .rodata.str1.4
                0x0010fcb8        0x0 C:/devkitPro/libctru/lib\libctru.a(archive_dev.o)
                                  0x8 (size before relaxing)
 .rodata.archive_devoptab
                0x0010fcb8       0x80 C:/devkitPro/libctru/lib\libctru.a(archive_dev.o)
 .rodata.fsInit.str1.4
                0x0010fd38        0x0 C:/devkitPro/libctru/lib\libctru.a(fs.o)
                                  0x8 (size before relaxing)
 .rodata._puts_r.str1.4
                0x0010fd38        0x0 C:/devkitPro/devkitARM/bin/../lib/gcc/arm-none-eabi/15.2.0/../../../../arm-none-eabi/lib/armv6k/fpu\libg.a(libc_a-puts.o)
                                  0x2 (size before relaxing)
 .rodata._ctype_
                0x0010fd38      0x101 C:/devkitPro/devkitARM/bin/../lib/gcc/arm-none-eabi/15.2.0/../../../../arm-none-eabi/lib/armv6k/fpu\libg.a(libc_a-ctype_.o)
                0x0010fd38                _ctype_
 .rodata.AddDevice.str1.4
                0x0010fe39        0x0 C:/devkitPro/devkitARM/bin/../lib/gcc/arm-none-eabi/15.2.0/../../../../arm-none-eabi/lib/armv6k/fpu\libsysbase.a(libsysbase_libsysbase_a-iosupport.o)
                                  0x8 (size before relaxing)
 *fill*         0x0010fe39        0x3 
 .rodata.dotab_stdnull
                0x0010fe3c       0x80 C:/devkitPro/devkitARM/bin/../lib/gcc/arm-none-eabi/15.2.0/../../../../arm-none-eabi/lib/armv6k/fpu\libsysbase.a(libsysbase_libsysbase_a-iosupport.o)
                0x0010fe3c                dotab_stdnull
 *all.rodata*(*)
 *(.gnu.linkonce.r*)
                0x0010febc                        . = ALIGN (0x4)
                0x0010febc                        __tdata_align = .
                0x0010febc        0x4 LONG 0x4 ALIGNOF (.tdata)
                0x0010fec0                        . = ALIGN (0x4)

.eh_frame       0x0010fec0        0x0
 .eh_frame      0x0010fec0        0x0 C:/devkitPro/devkitARM/bin/../lib/gcc/arm-none-eabi/15.2.0/armv6k/fpu/crtbegin.o

.rel.dyn        0x0010fec0        0x0
 .rel.iplt      0x0010fec0        0x0 C:/devkitPro/devkitARM/bin/../lib/gcc/arm-none-eabi/15.2.0/../../../../arm-none-eabi/lib/armv6k/fpu/3dsx_crt0.o
 .rel.got       0x0010fec0        0x0 C:/devkitPro/devkitARM/bin/../lib/gcc/arm-none-eabi/15.2.0/../../../../arm-none-eabi/lib/armv6k/fpu/3dsx_crt0.o

.ARM.extab
 *(.ARM.extab* .gnu.linkonce.armextab.*)
                0x0010fec0                        __exidx_start = .

.ARM.exidx
 *(.ARM.exidx* .gnu.linkonce.armexidx.*)
                0x0010fec0                        __exidx_end = .
                0x00110000                        . = ALIGN (0x1000)

.data           0x00110000     0x1a7c
 *(.data)
 *(.data.*)
 .data.firstConsoleInit.0
                0x00110000        0x1 C:/devkitPro/libctru/lib\libctru.a(console.o)
 *fill*         0x00110001        0x3 
 .data.currentConsole
                0x00110004        0x4 C:/devkitPro/libctru/lib\libctru.a(console.o)
                0x00110004                currentConsole
 .data.defaultConsole
                0x00110008       0x48 C:/devkitPro/libctru/lib\libctru.a(console.o)
                0x00110008                defaultConsole
 .data.aptChainloadDeliverArgSize
                0x00110050        0x4 C:/devkitPro/libctru/lib\libctru.a(apt.o)
 .data.kCount   0x00110054        0x4 C:/devkitPro/libctru/lib\libctru.a(hid.o)
 .data.kInterval
                0x00110058        0x4 C:/devkitPro/libctru/lib\libctru.a(hid.o)
 .data.kDelay   0x0011005c        0x4 C:/devkitPro/libctru/lib\libctru.a(hid.o)
 .data.__stacksize__
                0x00110060        0x4 C:/devkitPro/libctru/lib\libctru.a(stack_adjust.o)
                0x00110060                __stacksize__
 .data.__sglue  0x00110064        0xc C:/devkitPro/devkitARM/bin/../lib/gcc/arm-none-eabi/15.2.0/../../../../arm-none-eabi/lib/armv6k/fpu\libg.a(libc_a-findfp.o)
                0x00110064                __sglue
 .data.__malloc_sbrk_base
                0x00110070        0x4 C:/devkitPro/devkitARM/bin/../lib/gcc/arm-none-eabi/15.2.0/../../../../arm-none-eabi/lib/armv6k/fpu\libg.a(libc_a-mallocr.o)
                0x00110070                __malloc_sbrk_base
 .data.__malloc_trim_threshold
                0x00110074        0x4 C:/devkitPro/devkitARM/bin/../lib/gcc/arm-none-eabi/15.2.0/../../../../arm-none-eabi/lib/armv6k/fpu\libg.a(libc_a-mallocr.o)
                0x00110074                __malloc_trim_threshold
 .data.__malloc_av_
                0x00110078      0x408 C:/devkitPro/devkitARM/bin/../lib/gcc/arm-none-eabi/15.2.0/../../../../arm-none-eabi/lib/armv6k/fpu\libg.a(libc_a-mallocr.o)
                0x00110078                __malloc_av_
 .data._impure_ptr
                0x00110480        0x4 C:/devkitPro/devkitARM/bin/../lib/gcc/arm-none-eabi/15.2.0/../../../../arm-none-eabi/lib/armv6k/fpu\libg.a(libc_a-impure.o)
                0x00110480                _impure_ptr
 *fill*         0x00110484        0x4 
 .data._impure_data
                0x00110488      0x140 C:/devkitPro/devkitARM/bin/../lib/gcc/arm-none-eabi/15.2.0/../../../../arm-none-eabi/lib/armv6k/fpu\libg.a(libc_a-impure.o)
                0x00110488                _impure_data
 .data._current_working_directory
                0x001105c8      0x400 C:/devkitPro/devkitARM/bin/../lib/gcc/arm-none-eabi/15.2.0/../../../../arm-none-eabi/lib/armv6k/fpu\libsysbase.a(libsysbase_libsysbase_a-chdir.o)
 .data.handles  0x001109c8     0x1000 C:/devkitPro/devkitARM/bin/../lib/gcc/arm-none-eabi/15.2.0/../../../../arm-none-eabi/lib/armv6k/fpu\libsysbase.a(libsysbase_libsysbase_a-handle_manager.o)
 .data.__stderr_handle
                0x001119c8        0xc C:/devkitPro/devkitARM/bin/../lib/gcc/arm-none-eabi/15.2.0/../../../../arm-none-eabi/lib/armv6k/fpu\libsysbase.a(libsysbase_libsysbase_a-handle_manager.o)
 .data.__stdout_handle
                0x001119d4        0xc C:/devkitPro/devkitARM/bin/../lib/gcc/arm-none-eabi/15.2.0/../../../../arm-none-eabi/lib/armv6k/fpu\libsysbase.a(libsysbase_libsysbase_a-handle_manager.o)
 .data.__stdin_handle
                0x001119e0        0xc C:/devkitPro/devkitARM/bin/../lib/gcc/arm-none-eabi/15.2.0/../../../../arm-none-eabi/lib/armv6k/fpu\libsysbase.a(libsysbase_libsysbase_a-handle_manager.o)
 .data.devoptab_list
                0x001119ec       0x8c C:/devkitPro/devkitARM/bin/../lib/gcc/arm-none-eabi/15.2.0/../../../../arm-none-eabi/lib/armv6k/fpu\libsysbase.a(libsysbase_libsysbase_a-iosupport.o)
                0x001119ec                devoptab_list
 .data.defaultDevice
                0x00111a78        0x4 C:/devkitPro/devkitARM/bin/../lib/gcc/arm-none-eabi/15.2.0/../../../../arm-none-eabi/lib/armv6k/fpu\libsysbase.a(libsysbase_libsysbase_a-iosupport.o)
 *(.gnu.linkonce.d*)
                0x00111a7c                        . = ALIGN (0x4)

.igot.plt       0x00111a7c        0x0
 .igot.plt      0x00111a7c        0x0 C:/devkitPro/devkitARM/bin/../lib/gcc/arm-none-eabi/15.2.0/../../../../arm-none-eabi/lib/armv6k/fpu/3dsx_crt0.o

.got            0x00111a7c        0x8
 .got           0x00111a7c        0x8 C:/devkitPro/devkitARM/bin/../lib/gcc/arm-none-eabi/15.2.0/../../../../arm-none-eabi/lib/armv6k/fpu/3dsx_crt0.o

.got.plt        0x00111a84        0xc
 .got.plt       0x00111a84        0xc C:/devkitPro/devkitARM/bin/../lib/gcc/arm-none-eabi/15.2.0/../../../../arm-none-eabi/lib/armv6k/fpu/3dsx_crt0.o
                0x00111a84                _GLOBAL_OFFSET_TABLE_

.tdata          0x00111a90        0x0
                0x00111a90                        __tdata_lma = .
 *(.tdata)
 *(.tdata.*)
 *(.gnu.linkonce.td.*)
                0x00111a90                        . = ALIGN (0x4)
                0x00111a90                        __tdata_lma_end = .

.tbss           0x00111a90      0xc08
 *(.tbss)
 *(.tbss.*)
 .tbss.__ctru_dev_utf16_buf
                0x00111a90      0x802 C:/devkitPro/libctru/lib\libctru.a(path_buf.o)
                0x00111a90                __ctru_dev_utf16_buf
 *fill*         0x00112292        0x2 
 .tbss.__ctru_dev_path_buf
                0x00112294      0x401 C:/devkitPro/libctru/lib\libctru.a(path_buf.o)
                0x00112294                __ctru_dev_path_buf
 *(.gnu.linkonce.tb.*)
 *(.tcommon)
                0x00112698                        . = ALIGN (0x4)
 *fill*         0x00112695        0x3 

.preinit_array  0x00111a90        0x0
                0x00111a90                        PROVIDE (__preinit_array_start = .)
 *(.preinit_array)
                0x00111a90                        PROVIDE (__preinit_array_end = .)

.init_array     0x00111a90        0x4
                0x00111a90                        PROVIDE (__init_array_start = .)
 *(SORT_BY_NAME(.init_array.*))
 *(.init_array)
 .init_array    0x00111a90        0x4 C:/devkitPro/devkitARM/bin/../lib/gcc/arm-none-eabi/15.2.0/armv6k/fpu/crtbegin.o
                0x00111a94                        PROVIDE (__init_array_end = .)

.fini_array     0x00111a94        0x4
                0x00111a94                        PROVIDE (__fini_array_start = .)
 *(.fini_array)
 .fini_array    0x00111a94        0x4 C:/devkitPro/devkitARM/bin/../lib/gcc/arm-none-eabi/15.2.0/armv6k/fpu/crtbegin.o
 *(SORT_BY_NAME(.fini_array.*))
                0x00111a98                        PROVIDE (__fini_array_end = .)

.ctors
 *crtbegin.o(.ctors)
 *(EXCLUDE_FILE(*crtend.o) .ctors)
 *(SORT_BY_NAME(.ctors.*))
 *(.ctors)

.dtors
 *crtbegin.o(.dtors)
 *(EXCLUDE_FILE(*crtend.o) .dtors)
 *(SORT_BY_NAME(.dtors.*))
 *(.dtors)
                0x00111a98                        __bss_start__ = .

.bss            0x00111a98     0x2e2c
 *(.dynbss)
 *(.bss)
 *(.bss.*)
 .bss.completed.1
                0x00111a98        0x1 C:/devkitPro/devkitARM/bin/../lib/gcc/arm-none-eabi/15.2.0/armv6k/fpu/crtbegin.o
 *fill*         0x00111a99        0x3 
 .bss.object.0  0x00111a9c       0x18 C:/devkitPro/devkitARM/bin/../lib/gcc/arm-none-eabi/15.2.0/armv6k/fpu/crtbegin.o
 .bss.escapeSeq
                0x00111ab4       0x64 C:/devkitPro/libctru/lib\libctru.a(console.o)
 .bss.currentCopy
                0x00111b18       0x48 C:/devkitPro/libctru/lib\libctru.a(console.o)
                0x00111b18                currentCopy
 .bss.screenAlloc
                0x00111b60        0x4 C:/devkitPro/libctru/lib\libctru.a(gfx.o)
 .bss.screenFree
                0x00111b64        0x4 C:/devkitPro/libctru/lib\libctru.a(gfx.o)
 .bss.gfxIsDoubleBuf
                0x00111b68        0x2 C:/devkitPro/libctru/lib\libctru.a(gfx.o)
 *fill*         0x00111b6a        0x2 
 .bss.gfxCurBuf
                0x00111b6c        0x2 C:/devkitPro/libctru/lib\libctru.a(gfx.o)
 .bss.gfxIsVram
                0x00111b6e        0x1 C:/devkitPro/libctru/lib\libctru.a(gfx.o)
 .bss.gfxTopMode
                0x00111b6f        0x1 C:/devkitPro/libctru/lib\libctru.a(gfx.o)
 .bss.gfxFramebufferFormats
                0x00111b70        0x2 C:/devkitPro/libctru/lib\libctru.a(gfx.o)
 *fill*         0x00111b72        0x2 
 .bss.gfxBottomFramebufferMaxSize
                0x00111b74        0x4 C:/devkitPro/libctru/lib\libctru.a(gfx.o)
 .bss.gfxTopFramebufferMaxSize
                0x00111b78        0x4 C:/devkitPro/libctru/lib\libctru.a(gfx.o)
 *fill*         0x00111b7c        0x4 
 .bss.gfxBottomFramebuffers
                0x00111b80        0x8 C:/devkitPro/libctru/lib\libctru.a(gfx.o)
 .bss.gfxTopFramebuffers
                0x00111b88        0x8 C:/devkitPro/libctru/lib\libctru.a(gfx.o)
 .bss.flagValue.0
                0x00111b90        0x1 C:/devkitPro/libctru/lib\libctru.a(apt.o)
 .bss.flagInit.1
                0x00111b91        0x1 C:/devkitPro/libctru/lib\libctru.a(apt.o)
 *fill*         0x00111b92        0x2 
 .bss.serviceName.6
                0x00111b94        0x4 C:/devkitPro/libctru/lib\libctru.a(apt.o)
 .bss.aptChainloadFlags
                0x00111b98        0x1 C:/devkitPro/libctru/lib\libctru.a(apt.o)
 .bss.aptChainloadMediatype
                0x00111b99        0x1 C:/devkitPro/libctru/lib\libctru.a(apt.o)
 *fill*         0x00111b9a        0x2 
 .bss.aptChainloadHmac
                0x00111b9c       0x20 C:/devkitPro/libctru/lib\libctru.a(apt.o)
 .bss.aptChainloadDeliverArg
                0x00111bbc      0x300 C:/devkitPro/libctru/lib\libctru.a(apt.o)
 *fill*         0x00111ebc        0x4 
 .bss.aptChainloadTid
                0x00111ec0        0x8 C:/devkitPro/libctru/lib\libctru.a(apt.o)
 .bss.aptParameters
                0x00111ec8     0x1000 C:/devkitPro/libctru/lib\libctru.a(apt.o)
 .bss.aptFlags  0x00112ec8        0x4 C:/devkitPro/libctru/lib\libctru.a(apt.o)
 .bss.aptHomeButtonState
                0x00112ecc        0x1 C:/devkitPro/libctru/lib\libctru.a(apt.o)
 *fill*         0x00112ecd        0x3 
 .bss.aptMessageFuncData
                0x00112ed0        0x4 C:/devkitPro/libctru/lib\libctru.a(apt.o)
 .bss.aptMessageFunc
                0x00112ed4        0x4 C:/devkitPro/libctru/lib\libctru.a(apt.o)
 .bss.aptFirstHook
                0x00112ed8        0xc C:/devkitPro/libctru/lib\libctru.a(apt.o)
 .bss.aptEventHandlerThreadQuit
                0x00112ee4        0x1 C:/devkitPro/libctru/lib\libctru.a(apt.o)
 *fill*         0x00112ee5        0x3 
 .bss.aptEventHandlerThread
                0x00112ee8        0x4 C:/devkitPro/libctru/lib\libctru.a(apt.o)
 .bss.aptSleepEvent
                0x00112eec        0x8 C:/devkitPro/libctru/lib\libctru.a(apt.o)
 .bss.aptReceiveEvent
                0x00112ef4        0x8 C:/devkitPro/libctru/lib\libctru.a(apt.o)
 .bss.aptEvents
                0x00112efc        0x8 C:/devkitPro/libctru/lib\libctru.a(apt.o)
 .bss.aptLockHandle
                0x00112f04        0x4 C:/devkitPro/libctru/lib\libctru.a(apt.o)
 .bss.aptRefCount
                0x00112f08        0x4 C:/devkitPro/libctru/lib\libctru.a(apt.o)
 .bss.gspEventCbOneShot
                0x00112f0c        0x7 C:/devkitPro/libctru/lib\libctru.a(gspgpu.o)
 *fill*         0x00112f13        0x1 
 .bss.gspEventCbData
                0x00112f14       0x1c C:/devkitPro/libctru/lib\libctru.a(gspgpu.o)
 .bss.gspEventCb
                0x00112f30       0x1c C:/devkitPro/libctru/lib\libctru.a(gspgpu.o)
 .bss.gspEvents
                0x00112f4c       0x38 C:/devkitPro/libctru/lib\libctru.a(gspgpu.o)
 .bss.gspLastEvent
                0x00112f84        0x4 C:/devkitPro/libctru/lib\libctru.a(gspgpu.o)
 .bss.gspRunEvents
                0x00112f88        0x1 C:/devkitPro/libctru/lib\libctru.a(gspgpu.o)
 *fill*         0x00112f89        0x3 
 .bss.gspEventThread
                0x00112f8c        0x4 C:/devkitPro/libctru/lib\libctru.a(gspgpu.o)
 .bss.gspEvent  0x00112f90        0x4 C:/devkitPro/libctru/lib\libctru.a(gspgpu.o)
 .bss.gspGpuRight
                0x00112f94        0x1 C:/devkitPro/libctru/lib\libctru.a(gspgpu.o)
 .bss.gspThreadId
                0x00112f95        0x1 C:/devkitPro/libctru/lib\libctru.a(gspgpu.o)
 *fill*         0x00112f96        0x2 
 .bss.gspSharedMem
                0x00112f98        0x4 C:/devkitPro/libctru/lib\libctru.a(gspgpu.o)
 .bss.gspSharedMemHandle
                0x00112f9c        0x4 C:/devkitPro/libctru/lib\libctru.a(gspgpu.o)
 .bss.gspRefCount
                0x00112fa0        0x4 C:/devkitPro/libctru/lib\libctru.a(gspgpu.o)
 .bss.gspGpuHandle
                0x00112fa4        0x4 C:/devkitPro/libctru/lib\libctru.a(gspgpu.o)
 .bss.usingIrrst
                0x00112fa8        0x1 C:/devkitPro/libctru/lib\libctru.a(hid.o)
 *fill*         0x00112fa9        0x3 
 .bss.hidRefCount
                0x00112fac        0x4 C:/devkitPro/libctru/lib\libctru.a(hid.o)
 .bss.gRate     0x00112fb0        0x6 C:/devkitPro/libctru/lib\libctru.a(hid.o)
 *fill*         0x00112fb6        0x2 
 .bss.aVec      0x00112fb8        0x6 C:/devkitPro/libctru/lib\libctru.a(hid.o)
 *fill*         0x00112fbe        0x2 
 .bss.cPos      0x00112fc0        0x4 C:/devkitPro/libctru/lib\libctru.a(hid.o)
 .bss.tPos      0x00112fc4        0x4 C:/devkitPro/libctru/lib\libctru.a(hid.o)
 .bss.kRepeat   0x00112fc8        0x4 C:/devkitPro/libctru/lib\libctru.a(hid.o)
 .bss.kUp       0x00112fcc        0x4 C:/devkitPro/libctru/lib\libctru.a(hid.o)
 .bss.kDown     0x00112fd0        0x4 C:/devkitPro/libctru/lib\libctru.a(hid.o)
 .bss.kHeld     0x00112fd4        0x4 C:/devkitPro/libctru/lib\libctru.a(hid.o)
 .bss.kOld      0x00112fd8        0x4 C:/devkitPro/libctru/lib\libctru.a(hid.o)
 .bss.hidSharedMem
                0x00112fdc        0x4 C:/devkitPro/libctru/lib\libctru.a(hid.o)
                0x00112fdc                hidSharedMem
 .bss.hidEvents
                0x00112fe0       0x14 C:/devkitPro/libctru/lib\libctru.a(hid.o)
                0x00112fe0                hidEvents
 .bss.hidMemHandle
                0x00112ff4        0x4 C:/devkitPro/libctru/lib\libctru.a(hid.o)
                0x00112ff4                hidMemHandle
 .bss.hidHandle
                0x00112ff8        0x4 C:/devkitPro/libctru/lib\libctru.a(hid.o)
                0x00112ff8                hidHandle
 .bss.irrstRefCount
                0x00112ffc        0x4 C:/devkitPro/libctru/lib\libctru.a(irrst.o)
 .bss.csPos     0x00113000        0x4 C:/devkitPro/libctru/lib\libctru.a(irrst.o)
 .bss.kHeld     0x00113004        0x4 C:/devkitPro/libctru/lib\libctru.a(irrst.o)
 .bss.irrstSharedMem
                0x00113008        0x4 C:/devkitPro/libctru/lib\libctru.a(irrst.o)
                0x00113008                irrstSharedMem
 .bss.irrstEvent
                0x0011300c        0x4 C:/devkitPro/libctru/lib\libctru.a(irrst.o)
                0x0011300c                irrstEvent
 .bss.irrstMemHandle
                0x00113010        0x4 C:/devkitPro/libctru/lib\libctru.a(irrst.o)
                0x00113010                irrstMemHandle
 .bss.irrstHandle
                0x00113014        0x4 C:/devkitPro/libctru/lib\libctru.a(irrst.o)
                0x00113014                irrstHandle
 .bss.__system_retAddr
                0x00113018        0x4 C:/devkitPro/libctru/lib\libctru.a(ctru_init.o)
                0x00113018                __system_retAddr
 .bss.__system_argv
                0x0011301c        0x4 C:/devkitPro/libctru/lib\libctru.a(initArgv.o)
                0x0011301c                __system_argv
 .bss.__system_argc
                0x00113020        0x4 C:/devkitPro/libctru/lib\libctru.a(initArgv.o)
                0x00113020                __system_argc
 .bss.saved_stack.42
                0x00113024        0x8 C:/devkitPro/libctru/lib\libctru.a(stack_adjust.o)
 *fill*         0x0011302c        0x4 
 .bss._ZL11sLinearPool
                0x00113030        0x8 C:/devkitPro/libctru/lib\libctru.a(linear.o)
 .bss._ZL8sAddrMap
                0x00113038        0xc C:/devkitPro/libctru/lib\libctru.a(linear.o)
 *fill*         0x00113044        0x4 
 .bss._ZL10sVramPoolB
                0x00113048        0x8 C:/devkitPro/libctru/lib\libctru.a(vram.o)
 .bss._ZL10sVramPoolA
                0x00113050        0x8 C:/devkitPro/libctru/lib\libctru.a(vram.o)
 .bss._ZL8sAddrMap
                0x00113058        0xc C:/devkitPro/libctru/lib\libctru.a(vram.o)
 .bss.__3dslink_host
                0x00113064        0x4 C:/devkitPro/libctru/lib\libctru.a(3dslink.o)
                0x00113064                __3dslink_host
 .bss.__ctru_speedup
                0x00113068        0x1 C:/devkitPro/libctru/lib\libctru.a(os.o)
                0x00113068                __ctru_speedup
 *fill*         0x00113069        0x3 
 .bss.srvRefCount
                0x0011306c        0x4 C:/devkitPro/libctru/lib\libctru.a(srv.o)
 .bss.srvHandle
                0x00113070        0x4 C:/devkitPro/libctru/lib\libctru.a(srv.o)
 .bss.arbiter   0x00113074        0x4 C:/devkitPro/libctru/lib\libctru.a(synchronization.o)
 .bss.currentAddr
                0x00113078        0x4 C:/devkitPro/libctru/lib\libctru.a(mappable.o)
 .bss.maxAddr   0x0011307c        0x4 C:/devkitPro/libctru/lib\libctru.a(mappable.o)
 .bss.minAddr   0x00113080        0x4 C:/devkitPro/libctru/lib\libctru.a(mappable.o)
 .bss.ptmSysmRefCount
                0x00113084        0x4 C:/devkitPro/libctru/lib\libctru.a(ptmsysm.o)
 .bss.ptmSysmHandle
                0x00113088        0x4 C:/devkitPro/libctru/lib\libctru.a(ptmsysm.o)
 .bss.srvPmHandle
                0x0011308c        0x4 C:/devkitPro/libctru/lib\libctru.a(srvpm.o)
 .bss.__ctru_linear_heap_size
                0x00113090        0x4 C:/devkitPro/libctru/lib\libctru.a(allocateHeaps.o)
                0x00113090                __ctru_linear_heap_size
 .bss.__ctru_heap_size
                0x00113094        0x4 C:/devkitPro/libctru/lib\libctru.a(allocateHeaps.o)
                0x00113094                __ctru_heap_size
 .bss.__ctru_linear_heap
                0x00113098        0x4 C:/devkitPro/libctru/lib\libctru.a(allocateHeaps.o)
                0x00113098                __ctru_linear_heap
 .bss.__ctru_heap
                0x0011309c        0x4 C:/devkitPro/libctru/lib\libctru.a(allocateHeaps.o)
                0x0011309c                __ctru_heap
 .bss.archive_devices
                0x001130a0      0x5c0 C:/devkitPro/libctru/lib\libctru.a(archive_dev.o)
 .bss.archive_device_cwd
                0x00113660        0x4 C:/devkitPro/libctru/lib\libctru.a(archive_dev.o)
 .bss.archive_initialized
                0x00113664        0x1 C:/devkitPro/libctru/lib\libctru.a(archive_dev.o)
 *fill*         0x00113665        0x3 
 .bss.fsExemptArchives
                0x00113668       0x80 C:/devkitPro/libctru/lib\libctru.a(fs.o)
 .bss.fsuRefCount
                0x001136e8        0x4 C:/devkitPro/libctru/lib\libctru.a(fs.o)
 .bss.fsuHandle
                0x001136ec        0x4 C:/devkitPro/libctru/lib\libctru.a(fs.o)
 .bss.__sfp_recursive_mutex
                0x001136f0        0xc C:/devkitPro/devkitARM/bin/../lib/gcc/arm-none-eabi/15.2.0/../../../../arm-none-eabi/lib/armv6k/fpu\libg.a(libc_a-findfp.o)
 *fill*         0x001136fc        0x4 
 .bss.__sf      0x00113700      0x168 C:/devkitPro/devkitARM/bin/../lib/gcc/arm-none-eabi/15.2.0/../../../../arm-none-eabi/lib/armv6k/fpu\libg.a(libc_a-findfp.o)
                0x00113700                __sf
 .bss.__stdio_exit_handler
                0x00113868        0x4 C:/devkitPro/devkitARM/bin/../lib/gcc/arm-none-eabi/15.2.0/../../../../arm-none-eabi/lib/armv6k/fpu\libg.a(libc_a-findfp.o)
                0x00113868                __stdio_exit_handler
 .bss.__malloc_current_mallinfo
                0x0011386c       0x28 C:/devkitPro/devkitARM/bin/../lib/gcc/arm-none-eabi/15.2.0/../../../../arm-none-eabi/lib/armv6k/fpu\libg.a(libc_a-mallocr.o)
                0x0011386c                __malloc_current_mallinfo
 .bss.__malloc_max_total_mem
                0x00113894        0x4 C:/devkitPro/devkitARM/bin/../lib/gcc/arm-none-eabi/15.2.0/../../../../arm-none-eabi/lib/armv6k/fpu\libg.a(libc_a-mallocr.o)
                0x00113894                __malloc_max_total_mem
 .bss.__malloc_max_sbrked_mem
                0x00113898        0x4 C:/devkitPro/devkitARM/bin/../lib/gcc/arm-none-eabi/15.2.0/../../../../arm-none-eabi/lib/armv6k/fpu\libg.a(libc_a-mallocr.o)
                0x00113898                __malloc_max_sbrked_mem
 .bss.__malloc_top_pad
                0x0011389c        0x4 C:/devkitPro/devkitARM/bin/../lib/gcc/arm-none-eabi/15.2.0/../../../../arm-none-eabi/lib/armv6k/fpu\libg.a(libc_a-mallocr.o)
                0x0011389c                __malloc_top_pad
 .bss.__malloc_recursive_mutex
                0x001138a0        0xc C:/devkitPro/devkitARM/bin/../lib/gcc/arm-none-eabi/15.2.0/../../../../arm-none-eabi/lib/armv6k/fpu\libg.a(libc_a-mlock.o)
 .bss.temp_cwd  0x001138ac      0x400 C:/devkitPro/devkitARM/bin/../lib/gcc/arm-none-eabi/15.2.0/../../../../arm-none-eabi/lib/armv6k/fpu\libsysbase.a(libsysbase_libsysbase_a-chdir.o)
 .bss.__hndl_lock
                0x00113cac        0x4 C:/devkitPro/devkitARM/bin/../lib/gcc/arm-none-eabi/15.2.0/../../../../arm-none-eabi/lib/armv6k/fpu\libsysbase.a(libsysbase_libsysbase_a-handle_manager.o)
 .bss.fake_heap_start
                0x00113cb0        0x4 C:/devkitPro/devkitARM/bin/../lib/gcc/arm-none-eabi/15.2.0/../../../../arm-none-eabi/lib/armv6k/fpu\libsysbase.a(libsysbase_libsysbase_a-malloc_vars.o)
                0x00113cb0                fake_heap_start
 .bss.fake_heap_end
                0x00113cb4        0x4 C:/devkitPro/devkitARM/bin/../lib/gcc/arm-none-eabi/15.2.0/../../../../arm-none-eabi/lib/armv6k/fpu\libsysbase.a(libsysbase_libsysbase_a-malloc_vars.o)
                0x00113cb4                fake_heap_end
 .bss.heap_start.0
                0x00113cb8        0x4 C:/devkitPro/devkitARM/bin/../lib/gcc/arm-none-eabi/15.2.0/../../../../arm-none-eabi/lib/armv6k/fpu\libsysbase.a(libsysbase_libsysbase_a-sbrk.o)
 *(.gnu.linkonce.b*)
 *(COMMON)
                0x00113cbc                        . = (0x8 + ABSOLUTE (ALIGN (ABSOLUTE ((. - 0x8)), MAX (ALIGNOF (.tdata), ALIGNOF (.tbss)))))
                0x00113cbc                        __tls_start = .
                0x00113cbc                        . = (. + SIZEOF (.tdata))
                0x00113cbc                        . = ALIGN (ALIGNOF (.tbss))
                0x001148c4                        . = (. + SIZEOF (.tbss))
 *fill*         0x00113cbc      0xc08 
                0x001148c4                        __tls_end = .
                0x001148c4                        __bss_end__ = .
                0x001148c4                        __end__ = ABSOLUTE (.)

/DISCARD/
 *(.group .comment .note)

.stab
 *(.stab)

.stabstr
 *(.stabstr)

.stab.excl
 *(.stab.excl)

.stab.exclstr
 *(.stab.exclstr)

.stab.index
 *(.stab.index)

.stab.indexstr
 *(.stab.indexstr)

.debug
 *(.debug)

.line
 *(.line)

.debug_srcinfo
 *(.debug_srcinfo)

.debug_sfnames
 *(.debug_sfnames)

.debug_aranges  0x00000000     0x1700
 *(.debug_aranges)
 .debug_aranges
                0x00000000       0x20 main.o
 .debug_aranges
                0x00000020       0x78 C:/devkitPro/libctru/lib\libctru.a(console.o)
 .debug_aranges
                0x00000098       0xa0 C:/devkitPro/libctru/lib\libctru.a(gfx.o)
 .debug_aranges
                0x00000138      0x270 C:/devkitPro/libctru/lib\libctru.a(apt.o)
 .debug_aranges
                0x000003a8      0x118 C:/devkitPro/libctru/lib\libctru.a(gspgpu.o)
 .debug_aranges
                0x000004c0       0xd0 C:/devkitPro/libctru/lib\libctru.a(hid.o)
 .debug_aranges
                0x00000590       0x68 C:/devkitPro/libctru/lib\libctru.a(irrst.o)
 .debug_aranges
                0x000005f8       0x20 C:/devkitPro/libctru/lib\libctru.a(ctru_init.o)
 .debug_aranges
                0x00000618       0x20 C:/devkitPro/libctru/lib\libctru.a(initArgv.o)
 .debug_aranges
                0x00000638       0xe0 C:/devkitPro/libctru/lib\libctru.a(syscalls.o)
 .debug_aranges
                0x00000718      0x330 C:/devkitPro/libctru/lib\libctru.a(svc.o)
 .debug_aranges
                0x00000a48       0x28 C:/devkitPro/libctru/lib\libctru.a(stack_adjust.o)
 .debug_aranges
                0x00000a70       0x58 C:/devkitPro/libctru/lib\libctru.a(linear.o)
 .debug_aranges
                0x00000ac8       0x38 C:/devkitPro/libctru/lib\libctru.a(mem_pool.o)
 .debug_aranges
                0x00000b00       0x68 C:/devkitPro/libctru/lib\libctru.a(vram.o)
 .debug_aranges
                0x00000b68       0x20 C:/devkitPro/libctru/lib\libctru.a(3dslink.o)
 .debug_aranges
                0x00000b88       0x28 C:/devkitPro/libctru/lib\libctru.a(env.o)
 .debug_aranges
                0x00000bb0       0x58 C:/devkitPro/libctru/lib\libctru.a(os.o)
 .debug_aranges
                0x00000c08       0xc0 C:/devkitPro/libctru/lib\libctru.a(srv.o)
 .debug_aranges
                0x00000cc8       0xf0 C:/devkitPro/libctru/lib\libctru.a(synchronization.o)
 .debug_aranges
                0x00000db8       0x60 C:/devkitPro/libctru/lib\libctru.a(thread.o)
 .debug_aranges
                0x00000e18       0x38 C:/devkitPro/libctru/lib\libctru.a(mappable.o)
 .debug_aranges
                0x00000e50       0xb8 C:/devkitPro/libctru/lib\libctru.a(ptmsysm.o)
 .debug_aranges
                0x00000f08       0x50 C:/devkitPro/libctru/lib\libctru.a(srvpm.o)
 .debug_aranges
                0x00000f58       0x20 C:/devkitPro/libctru/lib\libctru.a(rbtree_find.o)
 .debug_aranges
                0x00000f78       0x20 C:/devkitPro/libctru/lib\libctru.a(rbtree_init.o)
 .debug_aranges
                0x00000f98       0x30 C:/devkitPro/libctru/lib\libctru.a(rbtree_insert.o)
 .debug_aranges
                0x00000fc8       0x20 C:/devkitPro/libctru/lib\libctru.a(rbtree_remove.o)
 .debug_aranges
                0x00000fe8       0x20 C:/devkitPro/libctru/lib\libctru.a(rbtree_rotate.o)
 .debug_aranges
                0x00001008       0x20 C:/devkitPro/libctru/lib\libctru.a(allocateHeaps.o)
 .debug_aranges
                0x00001028       0x20 C:/devkitPro/libctru/lib\libctru.a(appExit.o)
 .debug_aranges
                0x00001048       0x20 C:/devkitPro/libctru/lib\libctru.a(appInit.o)
 .debug_aranges
                0x00001068       0x20 C:/devkitPro/libctru/lib\libctru.a(ctru_exit.o)
 .debug_aranges
                0x00001088      0x140 C:/devkitPro/libctru/lib\libctru.a(archive_dev.o)
 .debug_aranges
                0x000011c8       0x18 C:/devkitPro/libctru/lib\libctru.a(path_buf.o)
 .debug_aranges
                0x000011e0      0x3b8 C:/devkitPro/libctru/lib\libctru.a(fs.o)
 .debug_aranges
                0x00001598       0x28 C:/devkitPro/libctru/lib\libctru.a(rbtree_iterator.o)
 .debug_aranges
                0x000015c0       0x20 C:/devkitPro/libctru/lib\libctru.a(decode_utf8.o)
 .debug_aranges
                0x000015e0       0x20 C:/devkitPro/libctru/lib\libctru.a(utf16_to_utf8.o)
 .debug_aranges
                0x00001600       0x20 C:/devkitPro/libctru/lib\libctru.a(utf8_to_utf16.o)
 .debug_aranges
                0x00001620       0x20 C:/devkitPro/libctru/lib\libctru.a(readtp.o)
 .debug_aranges
                0x00001640       0x20 C:/devkitPro/libctru/lib\libctru.a(decode_utf16.o)
 .debug_aranges
                0x00001660       0x20 C:/devkitPro/libctru/lib\libctru.a(encode_utf16.o)
 .debug_aranges
                0x00001680       0x20 C:/devkitPro/libctru/lib\libctru.a(encode_utf8.o)
 .debug_aranges
                0x000016a0       0x20 C:/devkitPro/devkitARM/bin/../lib/gcc/arm-none-eabi/15.2.0/armv6k/fpu\libgcc.a(_divsi3.o)
 .debug_aranges
                0x000016c0       0x20 C:/devkitPro/devkitARM/bin/../lib/gcc/arm-none-eabi/15.2.0/armv6k/fpu\libgcc.a(_dvmd_tls.o)
 .debug_aranges
                0x000016e0       0x20 C:/devkitPro/devkitARM/bin/../lib/gcc/arm-none-eabi/15.2.0/armv6k/fpu\libgcc.a(_udivsi3.o)

.debug_pubnames
 *(.debug_pubnames)

.debug_info     0x00000000    0x2cf0d
 *(.debug_info)
 .debug_info    0x00000000      0x737 main.o
 .debug_info    0x00000737     0x2271 C:/devkitPro/libctru/lib\libctru.a(console.o)
 .debug_info    0x000029a8      0xcfd C:/devkitPro/libctru/lib\libctru.a(gfx.o)
 .debug_info    0x000036a5     0x5688 C:/devkitPro/libctru/lib\libctru.a(apt.o)
 .debug_info    0x00008d2d     0x5923 C:/devkitPro/libctru/lib\libctru.a(gspgpu.o)
 .debug_info    0x0000e650     0x1367 C:/devkitPro/libctru/lib\libctru.a(hid.o)
 .debug_info    0x0000f9b7      0xac8 C:/devkitPro/libctru/lib\libctru.a(irrst.o)
 .debug_info    0x0001047f      0x18a C:/devkitPro/libctru/lib\libctru.a(ctru_init.o)
 .debug_info    0x00010609      0x2bf C:/devkitPro/libctru/lib\libctru.a(initArgv.o)
 .debug_info    0x000108c8     0x1763 C:/devkitPro/libctru/lib\libctru.a(syscalls.o)
 .debug_info    0x0001202b       0x23 C:/devkitPro/libctru/lib\libctru.a(svc.o)
 .debug_info    0x0001204e       0x23 C:/devkitPro/libctru/lib\libctru.a(stack_adjust.o)
 .debug_info    0x00012071     0x113a C:/devkitPro/libctru/lib\libctru.a(linear.o)
 .debug_info    0x000131ab      0xfcc C:/devkitPro/libctru/lib\libctru.a(mem_pool.o)
 .debug_info    0x00014177     0x1713 C:/devkitPro/libctru/lib\libctru.a(vram.o)
 .debug_info    0x0001588a      0xa7c C:/devkitPro/libctru/lib\libctru.a(3dslink.o)
 .debug_info    0x00016306      0x2ae C:/devkitPro/libctru/lib\libctru.a(env.o)
 .debug_info    0x000165b4      0x6d1 C:/devkitPro/libctru/lib\libctru.a(os.o)
 .debug_info    0x00016c85     0x1a2b C:/devkitPro/libctru/lib\libctru.a(srv.o)
 .debug_info    0x000186b0     0x26ee C:/devkitPro/libctru/lib\libctru.a(synchronization.o)
 .debug_info    0x0001ad9e     0x1172 C:/devkitPro/libctru/lib\libctru.a(thread.o)
 .debug_info    0x0001bf10      0x372 C:/devkitPro/libctru/lib\libctru.a(mappable.o)
 .debug_info    0x0001c282      0xd6e C:/devkitPro/libctru/lib\libctru.a(ptmsysm.o)
 .debug_info    0x0001cff0      0x832 C:/devkitPro/libctru/lib\libctru.a(srvpm.o)
 .debug_info    0x0001d822      0x1e5 C:/devkitPro/libctru/lib\libctru.a(rbtree_find.o)
 .debug_info    0x0001da07      0x181 C:/devkitPro/libctru/lib\libctru.a(rbtree_init.o)
 .debug_info    0x0001db88      0x666 C:/devkitPro/libctru/lib\libctru.a(rbtree_insert.o)
 .debug_info    0x0001e1ee      0x992 C:/devkitPro/libctru/lib\libctru.a(rbtree_remove.o)
 .debug_info    0x0001eb80      0x35d C:/devkitPro/libctru/lib\libctru.a(rbtree_rotate.o)
 .debug_info    0x0001eedd      0x52e C:/devkitPro/libctru/lib\libctru.a(allocateHeaps.o)
 .debug_info    0x0001f40b      0x142 C:/devkitPro/libctru/lib\libctru.a(appExit.o)
 .debug_info    0x0001f54d      0x14d C:/devkitPro/libctru/lib\libctru.a(appInit.o)
 .debug_info    0x0001f69a      0x2bc C:/devkitPro/libctru/lib\libctru.a(ctru_exit.o)
 .debug_info    0x0001f956     0x429d C:/devkitPro/libctru/lib\libctru.a(archive_dev.o)
 .debug_info    0x00023bf3       0xdc C:/devkitPro/libctru/lib\libctru.a(path_buf.o)
 .debug_info    0x00023ccf     0x8552 C:/devkitPro/libctru/lib\libctru.a(fs.o)
 .debug_info    0x0002c221      0x34a C:/devkitPro/libctru/lib\libctru.a(rbtree_iterator.o)
 .debug_info    0x0002c56b      0x15d C:/devkitPro/libctru/lib\libctru.a(decode_utf8.o)
 .debug_info    0x0002c6c8      0x20a C:/devkitPro/libctru/lib\libctru.a(utf16_to_utf8.o)
 .debug_info    0x0002c8d2      0x20a C:/devkitPro/libctru/lib\libctru.a(utf8_to_utf16.o)
 .debug_info    0x0002cadc       0x24 C:/devkitPro/libctru/lib\libctru.a(readtp.o)
 .debug_info    0x0002cb00      0x139 C:/devkitPro/libctru/lib\libctru.a(decode_utf16.o)
 .debug_info    0x0002cc39      0x10e C:/devkitPro/libctru/lib\libctru.a(encode_utf16.o)
 .debug_info    0x0002cd47      0x10e C:/devkitPro/libctru/lib\libctru.a(encode_utf8.o)
 .debug_info    0x0002ce55       0x3e C:/devkitPro/devkitARM/bin/../lib/gcc/arm-none-eabi/15.2.0/armv6k/fpu\libgcc.a(_divsi3.o)
 .debug_info    0x0002ce93       0x3c C:/devkitPro/devkitARM/bin/../lib/gcc/arm-none-eabi/15.2.0/armv6k/fpu\libgcc.a(_dvmd_tls.o)
 .debug_info    0x0002cecf       0x3e C:/devkitPro/devkitARM/bin/../lib/gcc/arm-none-eabi/15.2.0/armv6k/fpu\libgcc.a(_udivsi3.o)

.debug_abbrev   0x00000000     0x7207
 *(.debug_abbrev)